Archive member included because of file (symbol)

c:/Espressif/ESP8266_SDK/lib\libmain.a(debug-vector.o)
                              (_DebugExceptionVector)
c:/Espressif/ESP8266_SDK/lib\libmain.a(double-vector.o)
                              (_DoubleExceptionVector)
c:/Espressif/ESP8266_SDK/lib\libmain.a(kernel-vector.o)
                              (_KernelExceptionVector)
c:/Espressif/ESP8266_SDK/lib\libmain.a(nmi-vector.o)
                              (_NMIExceptionVector)
c:/Espressif/ESP8266_SDK/lib\libmain.a(user-vector.o)
                              (_UserExceptionVector)
c:/Espressif/ESP8266_SDK/lib\libmain.a(vector.o)
                              (call_user_start)
c:/Espressif/ESP8266_SDK/lib\libmain.a(app_main.o)
                              c:/Espressif/ESP8266_SDK/lib\libmain.a(nmi-vector.o) (NMI_Handler)
c:/Espressif/ESP8266_SDK/lib\libmain.a(ets_timer.o)
                              c:/Espressif/ESP8266_SDK/lib\libmain.a(app_main.o) (ets_timer_setfn)
c:/Espressif/ESP8266_SDK/lib\libmain.a(mem_manager.o)
                              c:/Espressif/ESP8266_SDK/lib\libmain.a(app_main.o) (pvPortMalloc)
c:/Espressif/ESP8266_SDK/lib\libmain.a(spi_flash.o)
                              c:/Espressif/ESP8266_SDK/lib\libmain.a(app_main.o) (spi_flash_read)
c:/Espressif/ESP8266_SDK/lib\libmain.a(user_interface.o)
                              c:/Espressif/ESP8266_SDK/lib\libmain.a(app_main.o) (done_cb)
c:/Espressif/ESP8266_SDK/lib\libmain.a(eagle_lib.o)
                              c:/Espressif/ESP8266_SDK/lib\libmain.a(user_interface.o) (ets_sprintf)
c:/Espressif/ESP8266_SDK/lib\libmain.a(eagle_lwip_if.o)
                              c:/Espressif/ESP8266_SDK/lib\libmain.a(user_interface.o) (hostname)
c:/tools/sming/Sming/compiler/lib/\libsming.a(user_main.o)
                              c:/Espressif/ESP8266_SDK/lib\libmain.a(app_main.o) (user_init)
c:/tools/sming/Sming/compiler/lib/\libsming.a(System.o)
                              c:/tools/sming/Sming/compiler/lib/\libsming.a(user_main.o) (SystemClass::initialize())
c:/tools/sming/Sming/compiler/lib/\libsming.a(esp_cplusplus.o)
                              c:/tools/sming/Sming/compiler/lib/\libsming.a(user_main.o) (cpp_core_initialize)
c:/tools/sming/Sming/compiler/lib/\libsming.a(m_printf.o)
                              c:/tools/sming/Sming/compiler/lib/\libsming.a(esp_cplusplus.o) (m_printf)
c:/tools/sming/Sming/compiler/lib/\libsming.a(stringconversion.o)
                              c:/tools/sming/Sming/compiler/lib/\libsming.a(m_printf.o) (ltoa_w)
c:/tools/sming/Sming/compiler/lib/\libsming.a(IPAddress.o)
                              c:/tools/sming/Sming/compiler/lib/\libsming.a(user_main.o) (IPAddress::IPAddress(unsigned char, unsigned char, unsigned char, unsigned char))
c:/tools/sming/Sming/compiler/lib/\libsming.a(Print.o)
                              c:/tools/sming/Sming/compiler/lib/\libsming.a(IPAddress.o) (Print::print(char))
c:/tools/sming/Sming/compiler/lib/\libsming.a(WString.o)
                              c:/tools/sming/Sming/compiler/lib/\libsming.a(IPAddress.o) (String::~String())
c:/tools/sming/Sming/compiler/lib/\libsming.a(Interrupts.o)
                              c:/tools/sming/Sming/compiler/lib/\libsming.a(System.o) (noInterrupts())
c:/tools/sming/Sming/compiler/lib/\libsming.a(Digital.o)
                              c:/tools/sming/Sming/compiler/lib/\libsming.a(Interrupts.o) (pinMode(unsigned short, unsigned char))
out/build/app_app.a(application.o)
                              c:/tools/sming/Sming/compiler/lib/\libsming.a(user_main.o) (init())
c:/tools/sming/Sming/compiler/lib/\libmicroc.a(isspace.o)
                              c:/tools/sming/Sming/compiler/lib/\libsming.a(WString.o) (isspace)
c:/tools/sming/Sming/compiler/lib/\libmicroc.a(tolower.o)
                              c:/tools/sming/Sming/compiler/lib/\libsming.a(WString.o) (tolower)
c:/tools/sming/Sming/compiler/lib/\libmicroc.a(toupper.o)
                              c:/tools/sming/Sming/compiler/lib/\libsming.a(WString.o) (toupper)
c:/tools/sming/Sming/compiler/lib/\libmicroc.a(atof.o)
                              c:/tools/sming/Sming/compiler/lib/\libsming.a(WString.o) (atof)
c:/tools/sming/Sming/compiler/lib/\libmicroc.a(atoi.o)
                              c:/tools/sming/Sming/compiler/lib/\libsming.a(WString.o) (atoi)
c:/tools/sming/Sming/compiler/lib/\libmicroc.a(strtod.o)
                              c:/tools/sming/Sming/compiler/lib/\libmicroc.a(atof.o) (strtod)
c:/tools/sming/Sming/compiler/lib/\libmicroc.a(__fpclassify.o)
                              c:/tools/sming/Sming/compiler/lib/\libsming.a(stringconversion.o) (__fpclassifyd)
c:/tools/sming/Sming/compiler/lib/\libmicroc.a(strchr.o)
                              c:/tools/sming/Sming/compiler/lib/\libsming.a(WString.o) (strchr)
c:/tools/sming/Sming/compiler/lib/\libmicroc.a(strrchr.o)
[...]
Memory Configuration

Name             Origin             Length             Attributes
dport0_0_seg     0x3ff00000         0x00000010
dram0_0_seg      0x3ffe8000         0x00014000
iram1_0_seg      0x40100000         0x00008000
irom0_0_seg      0x40209000         0x00042000
*default*        0x00000000         0xffffffff

Linker script and memory map

START GROUP
LOAD c:/tools/sming/Sming/compiler/lib/\libmicroc.a
LOAD c:/tools/sming/Sming/compiler/lib/\libmicrogcc.a
LOAD c:/espressif/xtensa-lx106-elf/bin/../lib/gcc/xtensa-lx106-elf/5.1.0/../../../../xtensa-lx106-elf/lib\libhal.a
LOAD c:/Espressif/ESP8266_SDK/lib\libphy.a
LOAD c:/Espressif/ESP8266_SDK/lib\libpp.a
LOAD c:/Espressif/ESP8266_SDK/lib\libnet80211.a
LOAD c:/Espressif/ESP8266_SDK/lib\liblwip.a
LOAD c:/Espressif/ESP8266_SDK/lib\libwpa.a
LOAD c:/Espressif/ESP8266_SDK/lib\libmain.a
LOAD c:/tools/sming/Sming/compiler/lib/\libsming.a
LOAD c:/Espressif/ESP8266_SDK/lib\libcrypto.a
LOAD c:/Espressif/ESP8266_SDK/lib\libpwm.a
LOAD c:/Espressif/ESP8266_SDK/lib\libsmartconfig.a
LOAD out/build/app_app.a
END GROUP
                0x40000000                PROVIDE (_memmap_vecbase_reset, 0x40000000)
                0x00000110                _memmap_cacheattr_wb_base = 0x110
                0x00000110                _memmap_cacheattr_wt_base = 0x110
                0x00000220                _memmap_cacheattr_bp_base = 0x220
                0xfffff00f                _memmap_cacheattr_unused_mask = 0xfffff00f
                0x2222211f                _memmap_cacheattr_wb_trapnull = 0x2222211f
                0x2222211f                _memmap_cacheattr_wba_trapnull = 0x2222211f
                0x2222211f                _memmap_cacheattr_wbna_trapnull = 0x2222211f
                0x2222211f                _memmap_cacheattr_wt_trapnull = 0x2222211f
                0x2222222f                _memmap_cacheattr_bp_trapnull = 0x2222222f
                0xfffff11f                _memmap_cacheattr_wb_strict = 0xfffff11f
                0xfffff11f                _memmap_cacheattr_wt_strict = 0xfffff11f
                0xfffff22f                _memmap_cacheattr_bp_strict = 0xfffff22f
                0x22222112                _memmap_cacheattr_wb_allvalid = 0x22222112
                0x22222112                _memmap_cacheattr_wt_allvalid = 0x22222112
                0x22222222                _memmap_cacheattr_bp_allvalid = 0x22222222
                0x2222211f                PROVIDE (_memmap_cacheattr_reset, _memmap_cacheattr_wb_trapnull)

.dport0.rodata  0x3ff00000        0x0
                0x3ff00000                _dport0_rodata_start = ABSOLUTE (.)
 *(.dport0.rodata)
 *(.dport.rodata)
                0x3ff00000                _dport0_rodata_end = ABSOLUTE (.)

.dport0.literal
                0x3ff00000        0x0
                0x3ff00000                _dport0_literal_start = ABSOLUTE (.)
 *(.dport0.literal)
 *(.dport.literal)
                0x3ff00000                _dport0_literal_end = ABSOLUTE (.)

.dport0.data    0x3ff00000        0x0
                0x3ff00000                _dport0_data_start = ABSOLUTE (.)
 *(.dport0.data)
 *(.dport.data)
                0x3ff00000                _dport0_data_end = ABSOLUTE (.)

.data           0x3ffe8000      0x375
                0x3ffe8000                _data_start = ABSOLUTE (.)
 *(.data)
 .data          0x3ffe8000        0x4 c:/Espressif/ESP8266_SDK/lib\libmain.a(nmi-vector.o)
                0x3ffe8000                _Pri_3_HandlerAddress
 .data          0x3ffe8004        0x1 c:/Espressif/ESP8266_SDK/lib\libmain.a(app_main.o)
 *fill*         0x3ffe8005        0x3 
 .data          0x3ffe8008        0x6 c:/Espressif/ESP8266_SDK/lib\libmain.a(user_interface.o)
                0x3ffe8009                timer2_ms_flag
                0x3ffe800a                dhcps_flag
                0x3ffe800b                dhcpc_flag
                0x3ffe800d                reconnect_internal
 *fill*         0x3ffe800e        0x2 
 .data          0x3ffe8010        0x1 c:/Espressif/ESP8266_SDK/lib\libmain.a(eagle_lwip_if.o)
                0x3ffe8010                default_hostname
 *fill*         0x3ffe8011        0xf 
 .data          0x3ffe8020       0x53 c:/Espressif/ESP8266_SDK/lib\libphy.a(phy_chip_v6.o)
                0x3ffe8022                tx_rf_ana_gain
                0x3ffe8050                rx_gain_swp
                0x3ffe8070                test_rffreq_txcap
 *fill*         0x3ffe8073        0x1 
 .data          0x3ffe8074        0x4 c:/Espressif/ESP8266_SDK/lib\libphy.a(phy_sleep.o)
                0x3ffe8074                chip_version
 .data          0x3ffe8078        0x1 c:/Espressif/ESP8266_SDK/lib\libpp.a(pm.o)
 *fill*         0x3ffe8079        0x3 
 .data          0x3ffe807c        0x1 c:/Espressif/ESP8266_SDK/lib\libpp.a(pm_for_bcn_only_mode.o)
 *fill*         0x3ffe807d        0x3 
 .data          0x3ffe8080       0x1c c:/Espressif/ESP8266_SDK/lib\libpp.a(pp.o)
                0x3ffe8080                soft_wdt_interval
                0x3ffe8084                NoiseTimerInterval
                0x3ffe808c                sleep_start_wait_time
                0x3ffe8094                CanDoFreqCal
                0x3ffe8098                tcb
 *fill*         0x3ffe809c        0x4 
 .data          0x3ffe80a0       0x40 c:/Espressif/ESP8266_SDK/lib\libpp.a(rate_control.o)
 .data          0x3ffe80e0      0x24c c:/Espressif/ESP8266_SDK/lib\libpp.a(trc.o)
 .data          0x3ffe832c        0x8 c:/Espressif/ESP8266_SDK/lib\libpp.a(wdev.o)
 .data          0x3ffe8334        0x1 c:/Espressif/ESP8266_SDK/lib\libnet80211.a(ieee80211_hostap.o)
                0x3ffe8334                TmpSTAAPCloseAP
 *fill*         0x3ffe8335        0x3 
 .data          0x3ffe8338        0x1 c:/Espressif/ESP8266_SDK/lib\libnet80211.a(wl_cnx.o)
 *fill*         0x3ffe8339        0x7 
 .data          0x3ffe8340       0x1c c:/Espressif/ESP8266_SDK/lib\libnet80211.a(ieee80211_action.o)
 .data          0x3ffe835c        0x4 c:/Espressif/ESP8266_SDK/lib\liblwip.a(dhcp.o)
 .data          0x3ffe8360        0x5 c:/Espressif/ESP8266_SDK/lib\liblwip.a(dhcpserver.o)
                0x3ffe8360                dhcps_lease_time
 *fill*         0x3ffe8365        0x3 
 .data          0x3ffe8368        0x8 c:/Espressif/ESP8266_SDK/lib\liblwip.a(tcp.o)
 *(.data.*)
 .data.cbc_printchar
                0x3ffe8370        0x4 c:/tools/sming/Sming/compiler/lib/\libsming.a(m_printf.o)
                0x3ffe8370                cbc_printchar
 .data.state    0x3ffe8374        0x1 out/build/app_app.a(application.o)
                0x3ffe8374                state
 *(.gnu.linkonce.d.*)
 *(.data1)
 *(.sdata)
 *(.sdata.*)
 *(.gnu.linkonce.s.*)
 *(.sdata2)
 *(.sdata2.*)
 *(.gnu.linkonce.s2.*)
 *(.jcr)
                0x3ffe8375                _data_end = ABSOLUTE (.)

.rodata         0x3ffe8378      0x2dc
                0x3ffe8378                _rodata_start = ABSOLUTE (.)
 *(.sdk.version)
 .sdk.version   0x3ffe8378        0x6 c:/Espressif/ESP8266_SDK/lib\libmain.a(app_main.o)
                0x3ffe8378                SDK_VERSION
 *(.rodata)
 *fill*         0x3ffe837e        0x2 
 .rodata        0x3ffe8380        0x8 c:/Espressif/ESP8266_SDK/lib\libphy.a(phy_chip_v6.o)
 .rodata        0x3ffe8388        0x4 c:/Espressif/ESP8266_SDK/lib\libpp.a(pp.o)
 .rodata        0x3ffe838c        0x8 c:/Espressif/ESP8266_SDK/lib\libnet80211.a(ieee80211_hostap.o)
 .rodata        0x3ffe8394        0x9 c:/Espressif/ESP8266_SDK/lib\libnet80211.a(ieee80211_output.o)
 *fill*         0x3ffe839d        0x3 
 .rodata        0x3ffe83a0        0x6 c:/Espressif/ESP8266_SDK/lib\liblwip.a(etharp.o)
                0x3ffe83a0                ethbroadcast
 *(.rodata.*)
 *fill*         0x3ffe83a6        0x2 
 .rodata.str1.4
                0x3ffe83a8        0xc c:/Espressif/ESP8266_SDK/lib\libmain.a(app_main.o)
 .rodata.str1.4
                0x3ffe83b4        0x4 c:/Espressif/ESP8266_SDK/lib\libmain.a(ets_timer.o)
                                  0xc (size before relaxing)
 .rodata.str1.4
                0x3ffe83b8       0x1a c:/Espressif/ESP8266_SDK/lib\libmain.a(mem_manager.o)
 *fill*         0x3ffe83d2        0x2 
 .rodata._ZL14EspDigitalPins
                0x3ffe83d4       0xc0 c:/tools/sming/Sming/compiler/lib/\libsming.a(user_main.o)
 .rodata._ZTV6VectorI8DelegateIFvvEEE
                0x3ffe8494       0x1c c:/tools/sming/Sming/compiler/lib/\libsming.a(System.o)
                0x3ffe8494                vtable for Vector<Delegate<void ()> >
 .rodata._ZTV6VectorIP19ISystemReadyHandlerE
                0x3ffe84b0       0x1c c:/tools/sming/Sming/compiler/lib/\libsming.a(System.o)
                0x3ffe84b0                vtable for Vector<ISystemReadyHandler*>
 .rodata.str1.1
                0x3ffe84cc       0x21 c:/tools/sming/Sming/compiler/lib/\libsming.a(stringconversion.o)
 *fill*         0x3ffe84ed        0x3 
 .rodata._ZTV9IPAddress
                0x3ffe84f0        0xc c:/tools/sming/Sming/compiler/lib/\libsming.a(IPAddress.o)
                0x3ffe84f0                vtable for IPAddress
 .rodata.str1.1
                0x3ffe84fc       0x23 c:/tools/sming/Sming/compiler/lib/\libsming.a(Digital.o)
 *fill*         0x3ffe851f        0x1 
 .rodata._ZL14EspDigitalPins
                0x3ffe8520       0xc0 c:/tools/sming/Sming/compiler/lib/\libsming.a(Digital.o)
 .rodata.str1.1
                0x3ffe85e0        0xc c:/tools/sming/Sming/compiler/lib/\libmicroc.a(abort.o)
 .rodata.str1.4
                0x3ffe85ec        0x4 c:/Espressif/ESP8266_SDK/lib\libpp.a(lmac.o)
                                  0xc (size before relaxing)
 .rodata.str1.4
                0x3ffe85f0        0x4 c:/Espressif/ESP8266_SDK/lib\libpp.a(pm_for_bcn_only_mode.o)
                                  0xc (size before relaxing)
 .rodata.str1.4
                0x3ffe85f4        0x8 c:/Espressif/ESP8266_SDK/lib\libpp.a(pp.o)
                                 0x10 (size before relaxing)
 .rodata.str1.4
                0x3ffe85fc        0x4 c:/Espressif/ESP8266_SDK/lib\libpp.a(wdev.o)
                                  0xc (size before relaxing)
 .rodata.str1.4
                0x3ffe8600        0x3 c:/Espressif/ESP8266_SDK/lib\libnet80211.a(ieee80211_hostap.o)
                                  0x8 (size before relaxing)
 *fill*         0x3ffe8603        0x1 
 .rodata.str1.4
                0x3ffe8604        0x7 c:/Espressif/ESP8266_SDK/lib\libnet80211.a(ieee80211_mesh_quick.o)
 .rodata.str1.4
                0x00000000        0x4 c:/Espressif/ESP8266_SDK/lib\libnet80211.a(ieee80211_sta.o)
 .rodata.str1.4
                0x00000000        0x4 c:/Espressif/ESP8266_SDK/lib\libnet80211.a(ieee80211_action_vendor.o)
 .rodata.str1.4
                0x00000000        0x4 c:/Espressif/ESP8266_SDK/lib\libnet80211.a(ieee80211_ie_vendor.o)
 .rodata.str1.4
                0x00000000        0x7 c:/Espressif/ESP8266_SDK/lib\liblwip.a(espconn_tcp.o)
                                  0x1 (size before relaxing)
 *fill*         0x3ffe860b        0x1 
 .rodata.str1.4
                0x3ffe860c       0x10 c:/Espressif/ESP8266_SDK/lib\libwpa.a(wpa_debug.o)
                                  0xd (size before relaxing)
 *(.gnu.linkonce.r.*)
 *(.rodata1)
                0x3ffe861c                __XT_EXCEPTION_TABLE__ = ABSOLUTE (.)
 *(.xt_except_table)
 *(.gcc_except_table)
 *(.gnu.linkonce.e.*)
 *(.gnu.version_r)
 *(.eh_frame)
                0x3ffe861c                . = ((. + 0x3) & 0xfffffffc)
                0x3ffe861c                __dso_handle = ABSOLUTE (.)
                0x3ffe861c                __init_array_start = ABSOLUTE (.)
 *crtbegin.o(.ctors)
 *(EXCLUDE_FILE(*crtend.o) .ctors)
 .ctors         0x3ffe861c        0x4 c:/tools/sming/Sming/compiler/lib/\libsming.a(user_main.o)
 .ctors         0x3ffe8620        0x4 c:/tools/sming/Sming/compiler/lib/\libsming.a(System.o)
 .ctors         0x3ffe8624        0x4 c:/tools/sming/Sming/compiler/lib/\libsming.a(m_printf.o)
 .ctors         0x3ffe8628        0x4 c:/tools/sming/Sming/compiler/lib/\libsming.a(IPAddress.o)
 .ctors         0x3ffe862c        0x4 c:/tools/sming/Sming/compiler/lib/\libsming.a(Print.o)
 .ctors         0x3ffe8630        0x4 c:/tools/sming/Sming/compiler/lib/\libsming.a(WString.o)
 .ctors         0x3ffe8634        0x4 c:/tools/sming/Sming/compiler/lib/\libsming.a(Interrupts.o)
 .ctors         0x3ffe8638        0x4 c:/tools/sming/Sming/compiler/lib/\libsming.a(Digital.o)
 .ctors         0x3ffe863c        0x4 out/build/app_app.a(application.o)
 *(SORT(.ctors.*))
 *(.ctors)
                0x3ffe8640                __init_array_end = ABSOLUTE (.)
 *crtbegin.o(.dtors)
 *(EXCLUDE_FILE(*crtend.o) .dtors)
 .dtors         0x3ffe8640        0x4 c:/tools/sming/Sming/compiler/lib/\libsming.a(System.o)
 .dtors         0x3ffe8644        0x4 c:/tools/sming/Sming/compiler/lib/\libsming.a(Interrupts.o)
 .dtors         0x3ffe8648        0x4 out/build/app_app.a(application.o)
 *(SORT(.dtors.*))
 *(.dtors)
                0x3ffe864c                __XT_EXCEPTION_DESCS__ = ABSOLUTE (.)
 *(.xt_except_desc)
 *(.gnu.linkonce.h.*)
                0x3ffe864c                __XT_EXCEPTION_DESCS_END__ = ABSOLUTE (.)
 *(.xt_except_desc_end)
 *(.dynamic)
 *(.gnu.version_d)
                0x3ffe864c                . = ALIGN (0x4)
                0x3ffe864c                _bss_table_start = ABSOLUTE (.)
                0x3ffe864c        0x4 LONG 0x3ffe8658 _bss_start
                0x3ffe8650        0x4 LONG 0x3ffeea20 _bss_end
                0x3ffe8654                _bss_table_end = ABSOLUTE (.)
                0x3ffe8654                _rodata_end = ABSOLUTE (.)

.bss            0x3ffe8658     0x63c8
                0x3ffe8658                . = ALIGN (0x8)
                0x3ffe8658                _bss_start = ABSOLUTE (.)
 *(.dynsbss)
 *(.sbss)
 *(.sbss.*)
 *(.gnu.linkonce.sb.*)
 *(.scommon)
 *(.sbss2)
 *(.sbss2.*)
 *(.gnu.linkonce.sb2.*)
 *(.dynbss)
 *(.bss)
 *fill*         0x3ffe8658        0x8 
 .bss           0x3ffe8660      0x1c0 c:/Espressif/ESP8266_SDK/lib\libmain.a(nmi-vector.o)
 .bss           0x3ffe8820       0x41 c:/Espressif/ESP8266_SDK/lib\libmain.a(app_main.o)
                0x3ffe8824                info
                0x3ffe8848                lwip_timer_interval
                0x3ffe884c                check_timeouts_timer
                0x3ffe8860                user_init_flag
 *fill*         0x3ffe8861        0xf 
 .bss           0x3ffe8870       0x30 c:/Espressif/ESP8266_SDK/lib\libmain.a(ets_timer.o)
                0x3ffe8870                timer_list
                0x3ffe8874                debug_timer
                0x3ffe8878                debug_timerfn
 .bss           0x3ffe88a0       0x3c c:/Espressif/ESP8266_SDK/lib\libmain.a(mem_manager.o)
 .bss           0x3ffe88dc        0x4 c:/Espressif/ESP8266_SDK/lib\libmain.a(spi_flash.o)
                0x3ffe88dc                flash_read
 .bss           0x3ffe88e0      0x242 c:/Espressif/ESP8266_SDK/lib\libmain.a(user_interface.o)
                0x3ffe89d7                deep_sleep_flag
                0x3ffe89d8                cpu_overclock
                0x3ffe89dc                event_cb
                0x3ffe89e0                status_led_output_level
                0x3ffe89e4                done_cb
                0x3ffe89e8                rst_if
                0x3ffe8a04                default_interface
                0x3ffe8a05                OpmodChgIsOnGoing
                0x3ffe8a08                promiscuous_cb
                0x3ffe8a20                event_TaskQueue
 *fill*         0x3ffe8b22        0x2 
 .bss           0x3ffe8b24        0xc c:/Espressif/ESP8266_SDK/lib\libmain.a(eagle_lwip_if.o)
                0x3ffe8b24                hostname
 .bss           0x3ffe8b30        0x4 c:/Espressif/ESP8266_SDK/lib\libphy.a(phy.o)
 .bss           0x3ffe8b34        0x2 c:/Espressif/ESP8266_SDK/lib\libphy.a(phy_chip_v6_ana.o)
                0x3ffe8b34                tout_dis_txpwr_track
                0x3ffe8b35                sleep_mode_flag
 *fill*         0x3ffe8b36        0x2 
 .bss           0x3ffe8b38      0x160 c:/Espressif/ESP8266_SDK/lib\libphy.a(phy_chip_v6.o)
                0x3ffe8b38                g_phyFuns
                0x3ffe8b3c                rxiq_compute_num
                0x3ffe8b40                rx_table_renew_en
                0x3ffe8b44                check_result
                0x3ffe8b48                chip6_sleep_params
                0x3ffe8bdc                chip6_phy_init_ctrl
                0x3ffe8c50                phy_freq_offset
                0x3ffe8c52                do_pwctrl_flag
                0x3ffe8c53                pwctrl_debug
                0x3ffe8c54                txbk_dpdby_flag
                0x3ffe8c56                sw_scan_mode
                0x3ffe8c57                rxmax_ext_level
                0x3ffe8c58                phy_rx_gain_dc_table
                0x3ffe8c6c                periodic_cal_dc_num
                0x3ffe8c70                periodic_cal_flag
                0x3ffe8c71                bbpll_cal_flag
                0x3ffe8c72                phy_in_most_power
                0x3ffe8c73                init_rf_no_cal
                0x3ffe8c74                test_print_time
                0x3ffe8c78                phy_rx_gain_dc_flag
                0x3ffe8c79                phy_in_vdd33_offset
                0x3ffe8c7a                phy_set_most_tpw_disbg
                0x3ffe8c7b                phy_set_most_tpw_index
                0x3ffe8c7c                adc_rand_noise
                0x3ffe8c80                dpd_bypass_original
                0x3ffe8c88                noise_array
 .bss           0x3ffe8c98        0x8 c:/Espressif/ESP8266_SDK/lib\libphy.a(phy_chip_v6_cal.o)
                0x3ffe8c98                phy_tx_power_out
                0x3ffe8c9a                loop_pwctrl_pwdet_error_accum_high_power
                0x3ffe8c9c                tx_pwctrl_pk_num
                0x3ffe8c9d                tx_pwctrl_track_num
                0x3ffe8c9e                loop_pwctrl_correct_atten_high_power
                0x3ffe8c9f                rxiq_cover_fail_num
 .bss           0x3ffe8ca0        0x7 c:/Espressif/ESP8266_SDK/lib\libphy.a(phy_sleep.o)
                0x3ffe8ca0                periodic_cal_sat
                0x3ffe8ca2                lslp_mem_opt_8266
                0x3ffe8ca4                software_slp_reject
                0x3ffe8ca5                SDIO_slp_reject
                0x3ffe8ca6                hardware_reject
 *fill*         0x3ffe8ca7        0x9 
 .bss           0x3ffe8cb0       0x40 c:/Espressif/ESP8266_SDK/lib\libpp.a(if_hwctrl.o)
                0x3ffe8cb0                interface_mask
                0x3ffe8cd0                if_ctrl
 .bss           0x3ffe8cf0      0x150 c:/Espressif/ESP8266_SDK/lib\libpp.a(lmac.o)
                0x3ffe8cf4                lmacConfMib
 .bss           0x3ffe8e40      0x11a c:/Espressif/ESP8266_SDK/lib\libpp.a(pm.o)
                0x3ffe8e40                pmc
                0x3ffe8f20                flash_tmp
 *fill*         0x3ffe8f5a        0x2 
 .bss           0x3ffe8f5c       0x34 c:/Espressif/ESP8266_SDK/lib\libpp.a(pm_for_bcn_only_mode.o)
 .bss           0x3ffe8f90      0x322 c:/Espressif/ESP8266_SDK/lib\libpp.a(pp.o)
                0x3ffe8fa8                pend_flag_noise_check
                0x3ffe8fb0                pend_flag_periodic_cal
                0x3ffe8fc8                idle_timer_reopen_flag
                0x3ffe8fca                dbg_stop_sw_wdt
                0x3ffe8fcb                dbg_stop_hw_wdt
                0x3ffe8fcd                total_buffed_eb_num
                0x3ffe8fd0                HighestFreqOffsetInOneChk
                0x3ffe8fd2                LowestFreqOffsetInOneChk
                0x3ffe8fd4                DefFreqCalTimer
                0x3ffe8fe8                PktNumInOneChk
                0x3ffe9170                buffed_eb_arr
 *fill*         0x3ffe92b2        0xe 
 .bss           0x3ffe92c0      0x100 c:/Espressif/ESP8266_SDK/lib\libpp.a(rate_control.o)
 .bss           0x3ffe93c0      0x46c c:/Espressif/ESP8266_SDK/lib\libpp.a(trc.o)
 *fill*         0x3ffe982c        0x4 
 .bss           0x3ffe9830     0x2f88 c:/Espressif/ESP8266_SDK/lib\libpp.a(wdev.o)
                0x3ffe9830                wDevCtrl
                0x3ffe99d8                WdevTimOffSet
 *fill*         0x3ffec7b8        0x8 
 .bss           0x3ffec7c0      0xac4 c:/Espressif/ESP8266_SDK/lib\libpp.a(esf_buf.o)
 .bss           0x3ffed284      0x67c c:/Espressif/ESP8266_SDK/lib\libnet80211.a(ieee80211.o)
                0x3ffed284                g_ic
 .bss           0x3ffed900       0x56 c:/Espressif/ESP8266_SDK/lib\libnet80211.a(ieee80211_hostap.o)
                0x3ffed900                BcnEb_update
                0x3ffed90d                BcnWithMcastSendStart
                0x3ffed90e                BcnWithMcastSendCnt
                0x3ffed928                PendFreeBcnEb
                0x3ffed92c                ApFreqCalTimer
                0x3ffed940                APRecvBcnStartTick
 *fill*         0x3ffed956        0x2 
 .bss           0x3ffed958       0xc8 c:/Espressif/ESP8266_SDK/lib\libnet80211.a(ieee80211_scan.o)
                0x3ffed958                gScanStruct
                0x3ffeda04                connect_scan_flag
                0x3ffeda05                FreqCalCntForScan
                0x3ffeda06                TestStaFreqCalValInput
                0x3ffeda08                auth_type
                0x3ffeda0a                scannum
 .bss           0x3ffeda20       0x10 c:/Espressif/ESP8266_SDK/lib\libnet80211.a(ieee80211_sta.o)
 .bss           0x3ffeda30       0x3c c:/Espressif/ESP8266_SDK/lib\libnet80211.a(wl_chm.o)
 *fill*         0x3ffeda6c        0x4 
 .bss           0x3ffeda70      0x37a c:/Espressif/ESP8266_SDK/lib\libnet80211.a(wl_cnx.o)
                0x3ffeddd0                sta_con_timer
                0x3ffedde4                g_cnx_probe_rc_list_cb
                0x3ffedde8                reconnect_flag
                0x3ffedde9                no_ap_found_index
 *fill*         0x3ffeddea        0x2 
 .bss           0x3ffeddec       0x10 c:/Espressif/ESP8266_SDK/lib\libnet80211.a(ieee80211_action_vendor.o)
 *fill*         0x3ffeddfc        0x4 
 .bss           0x3ffede00       0x38 c:/Espressif/ESP8266_SDK/lib\liblwip.a(dhcp.o)
                0x3ffede00                dhcp_rx_options_given
                0x3ffede10                dhcp_rx_options_val
 .bss           0x3ffede38       0x28 c:/Espressif/ESP8266_SDK/lib\liblwip.a(dhcpserver.o)
 .bss           0x3ffede60      0x480 c:/Espressif/ESP8266_SDK/lib\liblwip.a(dns.o)
 .bss           0x3ffee2e0       0x78 c:/Espressif/ESP8266_SDK/lib\liblwip.a(espconn_tcp.o)
                0x3ffee2e0                espconn_TaskQueue
 *fill*         0x3ffee358        0x8 
 .bss           0x3ffee360      0x100 c:/Espressif/ESP8266_SDK/lib\liblwip.a(etharp.o)
                0x3ffee364                ethzero
 .bss           0x3ffee460       0x10 c:/Espressif/ESP8266_SDK/lib\liblwip.a(ip_addr.o)
 .bss           0x3ffee470       0x12 c:/Espressif/ESP8266_SDK/lib\liblwip.a(ip.o)
                0x3ffee470                current_iphdr_dest
                0x3ffee474                current_iphdr_src
                0x3ffee478                current_netif
                0x3ffee47c                current_header
 *fill*         0x3ffee482        0x2 
 .bss           0x3ffee484        0x9 c:/Espressif/ESP8266_SDK/lib\liblwip.a(netif.o)
                0x3ffee484                netif_list
                0x3ffee488                netif_default
 *fill*         0x3ffee48d        0x3 
 .bss           0x3ffee490        0x4 c:/Espressif/ESP8266_SDK/lib\liblwip.a(raw.o)
 .bss           0x3ffee494       0x34 c:/Espressif/ESP8266_SDK/lib\liblwip.a(tcp_in.o)
                0x3ffee4c4                tcp_input_pcb
 .bss           0x3ffee4c8       0x1c c:/Espressif/ESP8266_SDK/lib\liblwip.a(tcp.o)
                0x3ffee4cc                tcp_active_pcbs
                0x3ffee4d0                tcp_tmp_pcb
                0x3ffee4d4                tcp_tw_pcbs
                0x3ffee4d8                tcp_bound_pcbs
                0x3ffee4dc                tcp_listen_pcbs
                0x3ffee4e0                tcp_ticks
 .bss           0x3ffee4e4        0xc c:/Espressif/ESP8266_SDK/lib\liblwip.a(timers.o)
 .bss           0x3ffee4f0        0x4 c:/Espressif/ESP8266_SDK/lib\liblwip.a(udp.o)
                0x3ffee4f0                udp_pcbs
 *fill*         0x3ffee4f4        0xc 
 .bss           0x3ffee500      0x104 c:/Espressif/ESP8266_SDK/lib\liblwip.a(espconn.o)
                0x3ffee500                plink_active
                0x3ffee504                pserver_list
                0x3ffee510                premot
                0x3ffee5d0                pktinfo
 .bss           0x3ffee604        0xc c:/Espressif/ESP8266_SDK/lib\liblwip.a(igmp.o)
 .bss           0x3ffee610      0x26a c:/Espressif/ESP8266_SDK/lib\libwpa.a(wpa.o)
 *fill*         0x3ffee87a        0x6 
 .bss           0x3ffee880        0x8 c:/Espressif/ESP8266_SDK/lib\libnet80211.a(ieee80211_crypto_tkip.o)
 *(.bss.*)
 .bss._ZL5ESP01
                0x3ffee888       0x30 c:/tools/sming/Sming/compiler/lib/\libsming.a(user_main.o)
 .bss._ZL11INADDR_NONE
                0x3ffee8b8        0x8 c:/tools/sming/Sming/compiler/lib/\libsming.a(user_main.o)
 .bss.System    0x3ffee8c0       0x2c c:/tools/sming/Sming/compiler/lib/\libsming.a(System.o)
                0x3ffee8c0                System
 .bss._ZL5ESP01
                0x3ffee8ec       0x30 c:/tools/sming/Sming/compiler/lib/\libsming.a(m_printf.o)
 .bss._ZL11INADDR_NONE
                0x3ffee91c        0x8 c:/tools/sming/Sming/compiler/lib/\libsming.a(m_printf.o)
 .bss._ZL5ESP01
                0x3ffee924       0x30 c:/tools/sming/Sming/compiler/lib/\libsming.a(IPAddress.o)
 .bss._ZL11INADDR_NONE
                0x3ffee954        0x8 c:/tools/sming/Sming/compiler/lib/\libsming.a(Print.o)
 .bss._ZL11INADDR_NONE
                0x3ffee95c        0x8 c:/tools/sming/Sming/compiler/lib/\libsming.a(WString.o)
 .bss._delegateFunctionList
                0x3ffee964       0x40 c:/tools/sming/Sming/compiler/lib/\libsming.a(Interrupts.o)
                0x3ffee964                _delegateFunctionList
 .bss._ZL11INADDR_NONE
                0x3ffee9a4        0x8 c:/tools/sming/Sming/compiler/lib/\libsming.a(Interrupts.o)
 .bss._ZL11INADDR_NONE
                0x3ffee9ac        0x8 c:/tools/sming/Sming/compiler/lib/\libsming.a(Digital.o)
 *fill*         0x3ffee9b4        0x4 
 .bss.procTimer
                0x3ffee9b8       0x30 out/build/app_app.a(application.o)
                0x3ffee9b8                procTimer
 .bss._ZL5ESP01
                0x3ffee9e8       0x30 out/build/app_app.a(application.o)
 .bss._ZL11INADDR_NONE
                0x3ffeea18        0x8 out/build/app_app.a(application.o)
 *(.gnu.linkonce.b.*)
 *(COMMON)
                0x3ffeea20                . = ALIGN (0x8)
                0x3ffeea20                _bss_end = ABSOLUTE (.)
                0x3ffeea20                _heap_start = ABSOLUTE (.)

.irom0.text     0x40209000    0x2e880
                0x40209000                _irom0_text_start = ABSOLUTE (.)
 *(.irom0.literal .irom.literal .irom.text.literal .irom0.text .irom.text)
 .irom0.text    0x40209000      0xa1d c:/Espressif/ESP8266_SDK/lib\libmain.a(app_main.o)
                                0xc31 (size before relaxing)
                0x402091e8                wdt_init
                0x40209290                user_uart_wait_tx_fifo_empty
                0x40209544                user_rf_pre_init
 *fill*         0x40209a1d        0x3 
 .irom0.text    0x40209a20      0x186 c:/Espressif/ESP8266_SDK/lib\libmain.a(ets_timer.o)
                                0x1b2 (size before relaxing)
                0x40209a28                ets_timer_done
                0x40209a74                ets_timer_handler_isr
                0x40209b44                ets_timer_init
 *fill*         0x40209ba6        0x2 
 .irom0.text    0x40209ba8       0xec c:/Espressif/ESP8266_SDK/lib\libmain.a(mem_manager.o)
                                 0xf8 (size before relaxing)
                0x40209ba8                check_memleak_debug_enable
                0x40209c14                xPortGetFreeHeapSize
                0x40209c1c                vPortInitialiseBlocks
 .irom0.text    0x40209c94     0x3429 c:/Espressif/ESP8266_SDK/lib\libmain.a(user_interface.o)
                               0x3e31 (size before relaxing)
                0x40209c98                system_set_os_print
                0x40209ca8                system_get_os_print
                0x40209e70                system_pp_recycle_rx_pkt
                0x40209e84                system_adc_read
                0x40209e9c                system_get_vdd33
                0x40209eb4                system_restart_hook
                0x40209ecc                system_restart_local
                0x40209fac                system_restart
                0x4020a008                system_restore
                0x4020a070                system_get_flash_size_map
                0x4020a090                system_get_boot_version
                0x4020a0c8                system_get_test_result
                0x4020a0f0                system_get_userbin_addr
                0x4020a188                system_get_boot_mode
                0x4020a1b8                system_restart_enhance
                0x4020a2e8                system_upgrade_userbin_set
                0x4020a334                system_upgrade_userbin_check
                0x4020a374                system_upgrade_flag_set
                0x4020a388                system_upgrade_flag_check
                0x4020a3b0                system_upgrade_reboot
                0x4020a4e4                system_deep_sleep_instant
                0x4020a67c                system_deep_sleep
                0x4020a6dc                system_deep_sleep_set_option
                0x4020a6f8                system_phy_temperature_alert
                0x4020a70c                system_phy_set_max_tpw
                0x4020a720                system_phy_set_tpw_via_vdd33
                0x4020a734                system_phy_set_rfoption
                0x4020a748                system_phy_set_powerup_option
                0x4020a760                system_update_cpu_freq
                0x4020a7bc                system_get_cpu_freq
                0x4020a7d4                system_overclock
                0x4020a800                system_restoreclock
                0x4020a830                system_timer_reinit
                0x4020a848                system_relative_time
                0x4020a86c                system_station_got_ip_set
                0x4020a998                system_print_meminfo
                0x4020a9f8                system_get_free_heap_size
                0x4020aa10                system_get_chip_id
                0x4020aa34                system_rtc_clock_cali_proc
                0x4020aa48                system_get_rtc_time
                0x4020aa5c                system_mktime
                0x4020ab2c                system_init_done_cb
                0x4020ab34                system_get_rst_info
                0x4020ab3c                system_get_data_of_array_8
                0x4020ab60                system_get_data_of_array_16
                0x4020ab88                system_get_string_from_flash
                0x4020abf4                wifi_softap_dhcps_start
                0x4020ac3c                wifi_softap_dhcps_stop
                0x4020ac7c                wifi_softap_dhcps_status
                0x4020ac84                wifi_station_dhcpc_start
                0x4020acdc                wifi_station_dhcpc_stop
                0x4020ad1c                wifi_station_dhcpc_event
                0x4020ad90                wifi_station_dhcpc_set_maxtry
                0x4020ada0                wifi_station_dhcpc_status
                0x4020ae18                wifi_get_opmode
                0x4020ae2c                wifi_get_opmode_default
                0x4020aea8                wifi_get_broadcast_if
                0x4020aee4                wifi_set_broadcast_if
                0x4020b044                wifi_set_opmode
                0x4020b058                wifi_set_opmode_current
                0x4020b06c                system_get_checksum
                0x4020b0ac                wifi_param_save_protect_with_check
                0x4020b140                system_param_save_with_protect
                0x4020b1e8                system_save_sys_param
                0x4020b214                system_param_load
                0x4020b34c                wifi_station_get_config
                0x4020b360                wifi_station_get_config_default
                0x4020b380                wifi_station_get_ap_info
                0x4020b438                wifi_station_ap_number_set
                0x4020b79c                wifi_station_set_config
                0x4020b7b4                wifi_station_set_config_current
                0x4020b7cc                wifi_station_restore_config
                0x4020b7e4                wifi_station_get_current_ap_id
                0x4020b7f8                wifi_station_ap_check
                0x4020b840                wifi_station_ap_change
                0x4020b96c                wifi_station_scan
                0x4020b9b8                wifi_station_get_auto_connect
                0x4020b9cc                wifi_station_set_auto_connect
                0x4020ba1c                wifi_station_save_pmk2cache
                0x4020bad0                wifi_station_connect
                0x4020bb64                wifi_station_disconnect
                0x4020bc24                wifi_station_get_connect_status
                0x4020bc54                wifi_station_set_reconnect_policy
                0x4020bc6c                wifi_station_get_reconnect_policy
                0x4020bc74                wifi_station_get_rssi
                0x4020bcc4                wifi_station_set_default_hostname
                0x4020bd2c                wifi_station_get_hostname
                0x4020bd5c                wifi_station_set_hostname
                0x4020bdfc                wifi_softap_cacl_mac
                0x4020be6c                wifi_softap_set_default_ssid
                0x4020c04c                wifi_softap_get_config
                0x4020c060                wifi_softap_get_config_default
                0x4020c3b4                wifi_softap_set_config
                0x4020c3c8                wifi_softap_set_config_current
                0x4020c3dc                wifi_softap_set_station_info
                0x4020c448                wifi_softap_get_station_info
                0x4020c4f8                wifi_softap_free_station_info
                0x4020c540                wifi_softap_get_station_num
                0x4020c594                wifi_softap_deauth
                0x4020c644                wifi_softap_get_beacon_only_mode
                0x4020c658                wifi_softap_set_beacon_only_mode
                0x4020c6bc                wifi_register_user_ie_manufacturer_recv_cb
                0x4020c6d0                wifi_unregister_user_ie_manufacturer_recv_cb
                0x4020c704                wifi_set_user_ie
                0x4020c814                wifi_get_user_ie
                0x4020c848                wifi_get_phy_mode
                0x4020c850                wifi_set_phy_mode
                0x4020c918                wifi_set_sleep_type
                0x4020c934                wifi_get_sleep_type
                0x4020c94c                wifi_get_channel
                0x4020c964                wifi_set_channel
                0x4020c9a8                wifi_promiscuous_set_mac
                0x4020ca08                wifi_promiscuous_enable
                0x4020caec                wifi_set_promiscuous_rx_cb
                0x4020cafc                wifi_get_ip_info
                0x4020cb7c                wifi_set_ip_info
                0x4020cbf0                wifi_get_macaddr
                0x4020cc50                wifi_set_macaddr
                0x4020cd6c                wifi_enable_6m_rate
                0x4020cd74                wifi_get_user_fixed_rate
                0x4020cd94                wifi_set_user_fixed_rate
                0x4020cdb4                wifi_set_user_sup_rate
                0x4020cdf0                wifi_set_user_rate_limit
                0x4020ce14                wifi_get_user_limit_rate_mask
                0x4020ce1c                wifi_set_user_limit_rate_mask
                0x4020ce34                wifi_register_send_pkt_freedom_cb
                0x4020ce48                wifi_unregister_send_pkt_freedom_cb
                0x4020ce54                wifi_send_pkt_freedom
                0x4020cea0                wifi_rfid_locp_recv_open
                0x4020ceb4                wifi_rfid_locp_recv_close
                0x4020cec8                wifi_register_rfid_locp_recv_cb
                0x4020cedc                wifi_unregister_rfid_locp_recv_cb
                0x4020cef4                wifi_status_led_install
                0x4020cf28                wifi_status_led_uninstall
                0x4020cf4c                wifi_set_status_led_output_level
                0x4020cfa0                wifi_set_event_handler_cb
                0x4020cfe8                system_os_task
                0x4020d024                system_uart_swap
                0x4020d084                system_uart_de_swap
                0x4020d0b8                system_get_sdk_version
 *fill*         0x4020d0bd        0x3 
 .irom0.text    0x4020d0c0      0x610 c:/Espressif/ESP8266_SDK/lib\libmain.a(eagle_lib.o)
                                0x620 (size before relaxing)
                0x4020d0c4                divide
                0x4020d100                skip_atoi
                0x4020d280                ets_vsnprintf
                0x4020d5e0                ets_vsprintf
                0x4020d604                ets_sprintf
                0x4020d62c                ets_strcat
                0x4020d64c                ets_strrchr
                0x4020d678                ets_strchr
                0x4020d690                bit_popcount
                0x4020d6ac                ets_snprintf
 .irom0.text    0x4020d6d0      0x2f6 c:/Espressif/ESP8266_SDK/lib\libmain.a(eagle_lwip_if.o)
                                0x3b2 (size before relaxing)
                0x4020d788                eagle_lwip_if_alloc
                0x4020d938                eagle_lwip_if_free
                0x4020d9a4                eagle_lwip_getif
 *fill*         0x4020d9c6        0x2 
 .irom0.literal
                0x4020d9c8        0x4 c:/tools/sming/Sming/compiler/lib/\libmicroc.a(malloc.o)
                                 0x14 (size before relaxing)
 .irom0.literal
                0x4020d9cc        0x4 c:/tools/sming/Sming/compiler/lib/\libmicroc.a(abort.o)
                                  0x8 (size before relaxing)
 .irom0.literal
                0x4020d9d0        0x8 c:/tools/sming/Sming/compiler/lib/\libmicrogcc.a(_divsf3.o)
                                 0x10 (size before relaxing)
 .irom0.text    0x4020d9d8       0x65 c:/tools/sming/Sming/compiler/lib/\libmicroc.a(malloc.o)
                0x4020d9d8                malloc
                0x4020d9ec                free
                0x4020da00                realloc
                0x4020da14                zalloc
                0x4020da28                calloc
 *fill*         0x4020da3d        0x3 
 .irom0.text    0x4020da40       0x11 c:/tools/sming/Sming/compiler/lib/\libmicroc.a(abort.o)
                0x4020da40                abort
 *fill*         0x4020da51        0x3 
 .irom0.text    0x4020da54       0xfa c:/Espressif/ESP8266_SDK/lib\libphy.a(phy.o)
                                0x11e (size before relaxing)
                0x4020da58                rf_init
                0x4020da74                bb_init
                0x4020da8c                phy_init
                0x4020dabc                RFChannelSel
                0x4020dad8                phy_delete_channel
                0x4020daf0                phy_enable_agc
                0x4020db08                phy_disable_agc
                0x4020db20                phy_initialize_bb
                0x4020db38                phy_set_sense
 *fill*         0x4020db4e        0x2 
 .irom0.text    0x4020db50     0x16f7 c:/Espressif/ESP8266_SDK/lib\libphy.a(phy_chip_v6_ana.o)
                               0x18e3 (size before relaxing)
                0x4020db54                ram_pbus_set_rxgain
                0x4020dc2c                ram_pbus_debugmode
                0x4020dce0                ram_pbus_xpd_tx_on
                0x4020dd4c                set_rf_freq_offset
                0x4020ddc0                chip_v6_rxmax_ext_ana
                0x4020df14                ram_chip_v6_rx_init
                0x4020df48                tsen_meas
                0x4020dff8                readvdd33
                0x4020e1c4                txpwr_offset
                0x4020e280                set_txcap_reg
                0x4020e300                ram_ana_inf_gating_en
                0x4020e460                ram_restart_cal
                0x4020e4cc                wait_rfpll_cal_end
                0x4020e560                ram_rfpll_set_freq
                0x4020e66c                ram_set_channel_freq
                0x4020e96c                chip_60_set_channel
                0x4020eafc                chip_v6_set_chan_offset
                0x4020eb38                chip_v6_set_chan
                0x4020ebcc                chip_v6_set_chan_wakeup
                0x4020ec50                chip_v6_rf_init
                0x4020ee74                low_power_set
                0x4020eec8                test_tout
                0x4020f040                check_data_flag
                0x4020f060                phy_get_check_flag
                0x4020f194                phy_get_vdd33
 *fill*         0x4020f247        0x1 
 .irom0.text    0x4020f248     0x3c2f c:/Espressif/ESP8266_SDK/lib\libphy.a(phy_chip_v6.o)
                               0x4293 (size before relaxing)
                0x4020f248                ram_tx_mac_enable
                0x4020f24c                ram_tx_mac_disable
                0x4020f250                rtc_mem_backup
                0x4020f280                rtc_mem_recovery
                0x4020f2b0                set_cal_rxdc
                0x4020f364                set_rx_gain_cal_iq
                0x4020f6c0                gen_rx_gain_table
                0x4020f818                pbus_set_rxbbgain
                0x4020f898                set_rx_gain_testchip_50
                0x4020fbcc                ram_get_corr_power
                0x4020fcbc                check_data_func
                0x4020fcdc                do_noisefloor_lsleep_v50
                0x4020fd10                do_noisefloor
                0x4020fd80                start_dig_rx
                0x4020fdc4                stop_dig_rx
                0x4020fdf0                chip_v6_set_chanfreq
                0x4020fe1c                tx_cap_init
                0x4020ffd0                target_power_add_backoff
                0x40210020                tx_pwctrl_init_cal
                0x40210188                tx_atten_set_interp
                0x402103f8                tx_pwctrl_init
                0x402104ec                ram_get_noisefloor
                0x40210508                get_noisefloor_sat
                0x40210538                ram_set_noise_floor
                0x40210594                ram_start_noisefloor
                0x402105e0                read_hw_noisefloor
                0x4021060c                noise_check_loop
                0x40210768                noise_init
                0x40210968                target_power_backoff
                0x402109bc                sdt_on_noise_start
                0x40210a3c                chip_v6_set_chan_rx_cmp
                0x40210bc8                chip_v6_set_chan_misc
                0x40210c5c                phy_dig_spur_set
                0x40210fb4                phy_dig_spur_prot
                0x402111ec                chip_v6_rxmax_ext_dig
                0x40211238                chip_v6_rxmax_ext
                0x402112ec                phy_bb_rx_cfg
                0x402116f4                uart_wait_idle
                0x4021172c                phy_pbus_soc_cfg
                0x402117ec                phy_gpio_cfg
                0x40211b34                tx_cont_en
                0x40211bd8                tx_cont_dis
                0x40211c2c                tx_cont_cfg
                0x40211c4c                chip_v6_initialize_bb
                0x40211db4                periodic_cal
                0x40211e94                bbpll_cal
                0x40211f2c                periodic_cal_top
                0x40211f8c                register_chipv6_phy_init_param
                0x40212230                change_bbpll160_sleep
                0x4021235c                change_bbpll160
                0x40212394                set_crystal_uart
                0x4021242c                ant_switch_init
                0x402124d8                reduce_current_init
                0x40212540                rtc_mem_check
                0x4021257c                phy_afterwake_set_rfoption
                0x4021259c                deep_sleep_set_option
                0x402125c8                write_data_to_rtc
                0x40212600                get_data_from_rtc
                0x40212688                register_chipv6_phy
                0x40212a98                set_dpd_bypass
                0x40212ac0                set_rf_gain_stage10
                0x40212af0                get_vdd33_offset
                0x40212b64                get_phy_target_power
                0x40212c18                set_most_pwr_reg
                0x40212cec                phy_set_most_tpw
                0x40212d0c                phy_vdd33_set_tpw
                0x40212d24                get_adc_rand
                0x40212d58                phy_get_rand
                0x40212d70                phy_tx_pwctrl_cali
                0x40212d98                phy_check_data_table
                0x40212dd4                phy_after_init_enrx
                0x40212e38                phy_set_rx11b_reg
                0x40212e6c                phy_set_powerup_option
 *fill*         0x40212e77        0x1 
 .irom0.text    0x40212e78     0x21ac c:/Espressif/ESP8266_SDK/lib\libphy.a(phy_chip_v6_cal.o)
                               0x23ec (size before relaxing)
                0x40212e78                txbbgain2dcoindex
                0x40212e98                dcoindex2txbbgain
                0x40212ebc                init_cal_dcoffset
                0x40212f80                set_rfanagain_dc_reg
                0x4021301c                set_txdc_pbus
                0x40213088                get_rf_gain_qdb
                0x402130b0                correct_rf_ana_gain
                0x402131b8                get_sar_dout
                0x40213250                cal_rf_ana_gain
                0x40213328                meas_tone_pwr_db
                0x40213398                tx_pwr_backoff
                0x402134e4                get_fcc_1m2m_pwr_offset
                0x40213520                ram_set_txbb_atten
                0x402135b4                txiq_get_mis_pwr
                0x40213658                txiq_cover
                0x40213874                ram_rfcal_txiq
                0x40213ae4                rc_cal
                0x40213ca4                get_target_power_offset
                0x40213dac                get_pwctrl_correct
                0x40213e08                tx_pwctrl_cal
                0x40214198                tx_pwctrl_bg_init
                0x40214210                tx_pwctrl_background
                0x402142e8                read_sar_dout
                0x4021434c                ram_get_fm_sar_dout
                0x402143f0                ram_cal_tos_v60
                0x402145d0                ram_get_bb_atten
                0x40214600                ram_rfcal_txcap
                0x402147c4                ram_rfcal_pwrctrl
                0x402149e0                ram_rxiq_get_mis
                0x40214bb0                ram_rxiq_cover_mg_mp
                0x40214d54                ram_rfcal_rxiq
                0x40214f60                dpd_scale_set
                0x40214fa8                dpd_mem_write
 .irom0.text    0x40215024      0xd82 c:/Espressif/ESP8266_SDK/lib\libphy.a(phy_sleep.o)
                                0xfaa (size before relaxing)
                0x40215024                pm_usec2rtc
                0x40215058                pm_rtc2usec
                0x40215068                pm_set_sleep_cycles
                0x40215090                pm_sleep_opt
                0x402151a8                pm_wakeup_opt
                0x402151e0                get_chip_version
                0x40215220                pm_sleep_opt_bb_off
                0x40215260                pm_sleep_opt_bb_on
                0x402152ac                pm_set_pll_xtal_wait_time
                0x402152f4                pm_prepare_to_sleep
                0x40215318                pm_sdio_nidle
                0x4021538c                chg_lslp_mem_opt_8266
                0x402153bc                pm_goto_sleep
                0x40215508                pm_wait4wakeup
                0x40215544                pm_open_rf
                0x40215588                pm_sleep_set_mac
                0x4021560c                pm_set_wakeup_mac
                0x402156a8                pm_check_mac_idle
                0x40215700                pm_set_sleep_btco
                0x402157a0                pm_set_wakeup_btco
                0x402158b8                pm_set_sleep_mode
                0x402159d4                pm_unmask_bt
                0x40215a3c                pm_wakeup_init
                0x40215c4c                sleep_opt_8266
                0x40215c6c                sleep_opt_bb_on_8266
                0x40215ca4                sleep_reset_analog_rtcreg_8266
 *fill*         0x40215da6        0x2 
 .irom0.text    0x40215da8      0x469 c:/Espressif/ESP8266_SDK/lib\libpp.a(if_hwctrl.o)
                                0x581 (size before relaxing)
                0x40215dc8                ic_get_addr
                0x40215dd4                ic_set_opmode
                0x40215de8                ic_enable_interface
                0x40215e38                ic_interface_enabled
                0x40215e4c                ic_disable_interface
                0x40215e94                ic_is_pure_sta
                0x40215eb0                ic_get_ptk_alg
                0x40215ec0                ic_get_gtk_alg
                0x40215ed0                ic_set_ptk_alg
                0x40215ee0                ic_set_gtk_alg
                0x40215ef0                ic_interface_is_p2p
                0x40215f88                ic_set_vif
                0x40216048                ic_set_sta
                0x40216120                ic_bss_info_update
                0x4021617c                ic_set_key
                0x402161d8                ic_remove_key
                0x402161ec                ic_get_rssi
 *fill*         0x40216211        0x3 
 .irom0.text    0x40216214      0x100 c:/Espressif/ESP8266_SDK/lib\libpp.a(lmac.o)
                                0x118 (size before relaxing)
                0x40216218                lmacInitAc
                0x4021624c                lmacInit
                0x402162f8                lmacSetRetryLimit
 .irom0.text    0x40216314     0x1859 c:/Espressif/ESP8266_SDK/lib\libpp.a(pm.o)
                               0x1d41 (size before relaxing)
                0x4021631c                pm_rtc_clock_cali_proc
                0x40216354                pm_get_ck170_period
                0x40216378                pm_set_sleep_time
                0x402166dc                pm_rf_is_closed
                0x4021670c                pm_set_sleep_type_from_upper
                0x402167fc                pm_get_sleep_type
                0x40216980                uart_tx_flush
                0x40216984                pm_suspend
                0x40216ba4                pm_shutdown
                0x40216c6c                pm_reset_idle_sleep
                0x40216cac                pm_idle_sleep
                0x40216cb8                pm_open
                0x40216d80                pm_onBcnRx
                0x402170e8                StopLightSleepSetFunc
                0x402170f0                LightSleepWakedCbSetFunc
                0x402175ec                pm_enable_gpio_wakeup
                0x40217624                pm_attach
                0x40217718                pm_send_nullfunc
                0x402178a4                pm_is_waked
                0x402178bc                pm_is_open
                0x402178d4                pm_scan_lock
                0x402178fc                pm_try_scan_unlock
                0x40217914                pm_force_scan_unlock
                0x40217990                pm_scan_unlocked
                0x402179a4                pm_allow_tx
                0x402179c0                pm_assoc_parse
                0x402179d8                pm_set_addr
                0x402179f8                pm_sleep_for
                0x40217a28                pm_post
                0x40217b2c                pm_get_idle_wait_time
 *fill*         0x40217b6d        0x3 
 .irom0.text    0x40217b70      0xa91 c:/Espressif/ESP8266_SDK/lib\libpp.a(pm_for_bcn_only_mode.o)
                                0xe21 (size before relaxing)
                0x40217b84                wifi_fpm_set_sleep_type
                0x40217b84                fpm_set_type_from_upper
                0x40217c40                fpm_get_slp_type
                0x40217c40                wifi_fpm_get_sleep_type
                0x40217c48                fpm_rf_is_closed
                0x40217c5c                fpm_is_open
                0x40217c68                fpm_allow_tx
                0x40217c8c                fpm_close
                0x40217c8c                wifi_fpm_close
                0x40217d08                fpm_open
                0x40217d08                wifi_fpm_open
                0x40217d70                fpm_attach
                0x40217f54                fpm_set_wakeup_cb
                0x40217f54                wifi_fpm_set_wakeup_cb
                0x402180c4                fpm_do_wakeup
                0x402180c4                wifi_fpm_do_wakeup
                0x40218588                fpm_do_sleep
                0x40218588                wifi_fpm_do_sleep
 *fill*         0x40218601        0x3 
 .irom0.text    0x40218604     0x15b6 c:/Espressif/ESP8266_SDK/lib\libpp.a(pp.o)
                               0x1996 (size before relaxing)
                0x40218610                PPWdtReset
                0x40218644                pp_soft_wdt_init
                0x40218664                system_soft_wdt_feed
                0x40218664                pp_soft_wdt_feed
                0x40218680                system_soft_wdt_stop
                0x40218680                pp_soft_wdt_stop
                0x402186ac                system_soft_wdt_restart
                0x402186ac                pp_soft_wdt_restart
                0x402186e4                RxNodeNum
                0x402186fc                TxNodeNum
                0x40218720                pp_disable_noise_timer
                0x40218740                pp_enable_noise_timer
                0x40218850                pp_noise_test
                0x40218860                reset_noise_timer
                0x40218898                pp_disable_idle_timer
                0x402188bc                pp_enable_idle_timer
                0x402188e4                pp_try_enable_idle_timer
                0x40218920                ppPeocessRxPktHdr
                0x40218c68                HdlAllBuffedEb
                0x40218cf0                ppTxPkt
                0x40218e58                ppProcessWaitQ
                0x40218e68                ppRegisterTxCallback
                0x40218e90                ppUnregisterTxCallback
                0x40218ec4                ppRecycleRxPkt
                0x40218f24                ppCheckTxIdle
                0x4021919c                pp_tx_idle_timeout
                0x40219358                DefFreqCalTimerCB
                0x402196d8                ppGetTxQFirstAvail_Locked
                0x402197b8                pp_attach
 *fill*         0x40219bba        0x2 
 .irom0.text    0x40219bbc      0x296 c:/Espressif/ESP8266_SDK/lib\libpp.a(rate_control.o)
                                0x2a2 (size before relaxing)
                0x40219e08                RC_SetBasicRate
 *fill*         0x40219e52        0x2 
 .irom0.text    0x40219e54      0x5e9 c:/Espressif/ESP8266_SDK/lib\libpp.a(trc.o)
                                0x64d (size before relaxing)
                0x40219e54                phytype2mode
                0x40219e70                rc_set_rate_limit_id
                0x40219f8c                rcUpdatePhyMode
                0x4021a158                rcAttach
                0x4021a1a4                rcGetTrc
                0x4021a1ac                trc_onDisconnect
                0x4021a1b0                trc_onScanStart
                0x4021a1c4                trc_onScanDone
                0x4021a1e0                rc_enable_trc
                0x4021a2b8                rc_get_mask
                0x4021a2cc                rc_disable_trc
                0x4021a320                rc_disable_trc_by_interface
                0x4021a33c                rc_get_sta_trc
                0x4021a380                rc_get_trc
                0x4021a3f0                rc_get_trc_by_index
                0x4021a410                rc_only_sta_trc
 *fill*         0x4021a43d        0x3 
 .irom0.text    0x4021a440      0xaf7 c:/Espressif/ESP8266_SDK/lib\libpp.a(wdev.o)
                                0xc53 (size before relaxing)
                0x4021a44c                wDev_Option_Init
                0x4021a540                wDev_Enable_Beacon_Tsf
                0x4021a55c                wDev_Disable_Beacon_Tsf
                0x4021a578                wDev_Set_Beacon_Int
                0x4021a580                wDev_Reset_TBTT
                0x4021a5b0                wDev_Get_Next_TBTT
                0x4021a82c                wDev_Initialize
                0x4021a89c                wDevForceAck6M
                0x4021a8b8                wDev_SetMacAddress
                0x4021a954                wDev_SetRxPolicy
                0x4021a9a8                wDev_SetBssid
                0x4021aa80                wDev_ClearBssid
                0x4021aab8                wDev_Insert_KeyEntry
                0x4021abac                wDev_remove_KeyEntry
                0x4021abe8                wDev_remove_KeyEntry_all_cnx
                0x4021ac38                wDev_Crypto_Conf
                0x4021acd4                wDev_Crypto_Disable
                0x4021ad0c                wDevEnableRx
                0x4021ad34                wdev_go_sniffer
                0x4021ae10                wdev_set_sniffer_addr
                0x4021ae68                wdev_exit_sniffer
 *fill*         0x4021af37        0x1 
 .irom0.text    0x4021af38      0x3e6 c:/Espressif/ESP8266_SDK/lib\libpp.a(esf_buf.o)
                                0x4b2 (size before relaxing)
                0x4021af40                esf_buf_alloc
                0x4021b124                esf_buf_recycle
                0x4021b264                esf_buf_setup
 *fill*         0x4021b31e        0x2 
 .irom0.text    0x4021b320      0x475 c:/Espressif/ESP8266_SDK/lib\libnet80211.a(ieee80211.o)
                                0x545 (size before relaxing)
                0x4021b3a4                ieee80211_rate_ref_init
                0x4021b3b8                ieee80211_freedom_inside_cb
                0x4021b3e8                ieee80211_freedom_init
                0x4021b40c                ieee80211_user_ie_init
                0x4021b428                ieee80211_ifattach
                0x4021b48c                ieee80211_mhz2ieee
                0x4021b4e8                ieee80211_chan2ieee
                0x4021b504                ieee80211_ieee2mhz
                0x4021b544                ieee80211_find_channel
                0x4021b570                ieee80211_find_channel_byieee
                0x4021b5c0                wifi_mode_set
 *fill*         0x4021b795        0x3 
 .irom0.text    0x4021b798       0xcf c:/Espressif/ESP8266_SDK/lib\libnet80211.a(ieee80211_crypto.o)
                                 0xd7 (size before relaxing)
                0x4021b798                ieee80211_crypto_attach
                0x4021b79c                ieee80211_crypto_available
                0x4021b7a0                ieee80211_crypto_setkey
                0x4021b7a4                ieee80211_crypto_encap
                0x4021b7fc                ieee80211_crypto_decap
 *fill*         0x4021b867        0x1 
 .irom0.text    0x4021b868       0x4c c:/Espressif/ESP8266_SDK/lib\libnet80211.a(ieee80211_ets.o)
                                 0x50 (size before relaxing)
                0x4021b86c                ieee80211_getmgtframe
 .irom0.text    0x4021b8b4     0x1a08 c:/Espressif/ESP8266_SDK/lib\libnet80211.a(ieee80211_hostap.o)
                               0x1f77 (size before relaxing)
                0x4021bed8                ieee80211_hostap_attach
                0x4021bfd4                hostap_handle_timer
                0x4021c06c                hostap_input
                0x4021cfb8                wifi_softap_start
                0x4021d124                wifi_softap_stop
 *fill*         0x4021d2bc        0x0 
 .irom0.text    0x4021d2bc      0xa82 c:/Espressif/ESP8266_SDK/lib\libnet80211.a(ieee80211_ht.o)
                                0xb4e (size before relaxing)
                0x4021d2cc                ieee80211_ht_attach
                0x4021d320                ieee80211_ht_node_init
                0x4021d360                ieee80211_ht_node_cleanup
                0x4021d398                ieee80211_parse_htcap
                0x4021d47c                ieee80211_ht_updateparams
                0x4021d590                ieee80211_setup_htrates
                0x4021d65c                ieee80211_setup_basic_htrates
                0x4021d9a8                ieee80211_add_htcap
                0x4021d9c4                ieee80211_add_htcap_vendor
                0x4021dae8                ieee80211_add_htinfo
                0x4021db04                ieee80211_add_htinfo_vendor
 *fill*         0x4021dd3e        0x2 
 .irom0.text    0x4021dd40      0xa8c c:/Espressif/ESP8266_SDK/lib\libnet80211.a(ieee80211_input.o)
                                0xb1c (size before relaxing)
                0x4021dd40                ieee80211_deliver_data
                0x4021dd94                ieee80211_decap
                0x4021de98                ieee80211_setup_rates
                0x4021df08                ieee80211_alloc_challenge
                0x4021df44                ieee80211_parse_beacon
                0x4021e518                ieee80211_parse_wpa
                0x4021e62c                ieee80211_parse_rsn
                0x4021e72c                ieee80211_parse_action
                0x4021e7c8                ieee80211_setup_rateset
 .irom0.text    0x4021e7cc      0x2a6 c:/Espressif/ESP8266_SDK/lib\libnet80211.a(ieee80211_mesh_quick.o)
                                0x302 (size before relaxing)
                0x4021e7d8                ieee80211_mesh_quick_init
                0x4021e848                ieee80211_mesh_quick_deinit
                0x4021e878                ieee80211_mesh_quick_set
                0x4021e974                ieee80211_mesh_quick_get
                0x4021ea40                ieee80211_mesh_quick_ie_add
 *fill*         0x4021ea72        0x2 
 .irom0.text    0x4021ea74     0x1c56 c:/Espressif/ESP8266_SDK/lib\libnet80211.a(ieee80211_output.o)
                               0x1ff2 (size before relaxing)
                0x4021ea78                ieee80211_output_pbuf
                0x4021ecec                ieee80211_send_setup
                0x4021ee20                ieee80211_mgmt_output
                0x4021ef04                ieee80211_tx_mgt_cb
                0x4021ef08                ieee80211_send_nulldata
                0x4021f378                ieee80211_add_rates
                0x4021f3c8                ieee80211_add_xrates
                0x4021f498                ieee80211_send_probereq
                0x4021f6ac                ieee80211_getcapinfo
                0x4021f708                ieee80211_send_mgmt
                0x4021fca8                ieee80211_alloc_proberesp
                0x4021fe80                ieee80211_send_proberesp
                0x4021ffcc                ieee80211_alloc_deauth
                0x4022000c                ieee80211_send_deauth
                0x40220148                ieee80211_freedom_output
                0x40220534                ieee80211_beacon_alloc
 *fill*         0x402206ca        0x2 
 .irom0.text    0x402206cc       0xe0 c:/Espressif/ESP8266_SDK/lib\libnet80211.a(ieee80211_phy.o)
                                0x108 (size before relaxing)
                0x402206cc                ieee80211_phy_init
                0x40220700                ieee80211_phy_type_get
                0x4022071c                ieee80211_setup_ratetable
 .irom0.text    0x402207ac      0x1b6 c:/Espressif/ESP8266_SDK/lib\libnet80211.a(ieee80211_power.o)
                                0x1f2 (size before relaxing)
                0x402207ac                ieee80211_psq_init
                0x402207cc                ieee80211_psq_cleanup
                0x402207d4                ieee80211_set_tim
                0x40220814                ieee80211_pwrsave
                0x4022087c                pwrsave_flushq
                0x4022092c                ieee80211_node_pwrsave
 *fill*         0x40220962        0x2 
 .irom0.text    0x40220964      0x101 c:/Espressif/ESP8266_SDK/lib\libnet80211.a(ieee80211_proto.o)
                                0x129 (size before relaxing)
                0x40220968                ieee80211_proto_attach
                0x40220990                ieee80211_set_shortslottime
                0x402209ac                ieee80211_iserp_rateset
                0x402209e0                ieee80211_wme_initparams
                0x402209e4                ieee80211_wme_updateparams
                0x402209ec                ieee80211_mlme_connect_bss
 *fill*         0x40220a65        0x3 
 .irom0.text    0x40220a68       0xaa c:/Espressif/ESP8266_SDK/lib\libnet80211.a(ieee80211_rfid.o)
                                 0xd6 (size before relaxing)
                0x40220a68                ieee80211_rfid_locp_recv_open
                0x40220aa0                ieee80211_rfid_locp_recv_close
                0x40220ab8                ieee80211_rfid_locp_recv_reset
                0x40220ad8                ieee80211_rfid_locp_recv
                0x40220af4                register_ieee80211_rfid_locp_recv_cb
                0x40220b08                unregister_ieee80211_rfid_locp_recv_cb
 *fill*         0x40220b12        0x2 
 .irom0.text    0x40220b14      0xf50 c:/Espressif/ESP8266_SDK/lib\libnet80211.a(ieee80211_scan.o)
                               0x1284 (size before relaxing)
                0x40220b20                ieee80211_scan_attach
                0x40220bb4                scan_start
                0x40220d78                scan_pm_channel_op_cb
                0x40220f18                scan_cancel
                0x40221074                scan_add_bssid
                0x40221098                scan_remove_bssid
                0x402210a4                scan_hidden_ssid
                0x402210ac                scan_add_probe_ssid
                0x40221100                scan_remove_probe_ssid
                0x4022123c                scan_clear_channles
                0x402212b0                scan_set_desChan
                0x402212bc                scan_get_type
                0x402212c4                cannel_scan_connect_state
                0x402212dc                scan_connect_state
                0x40221324                scan_check_hidden
                0x40221350                scan_profile_check
                0x402216f8                scan_parse_beacon
 .irom0.text    0x40221a64     0x104e c:/Espressif/ESP8266_SDK/lib\libnet80211.a(ieee80211_sta.o)
                               0x12dd (size before relaxing)
                0x40221ac0                sta_status_set
                0x40221b2c                ieee80211_sta_new_state
                0x40221ea4                sta_input
                0x402223f0                ieee80211_parse_wmeparams
                0x40222a08                wifi_station_start
                0x40222a78                wifi_station_stop
 *fill*         0x40222ab2        0x2 
 .irom0.text    0x40222ab4      0x29e c:/Espressif/ESP8266_SDK/lib\libnet80211.a(wl_chm.o)
                                0x31e (size before relaxing)
                0x40222ac0                chm_init
                0x40222b24                chm_acquire_lock
                0x40222b68                chm_release_lock
                0x40222b7c                chm_start_op
                0x40222c20                chm_end_op
                0x40222c68                chm_cancel_op
                0x40222c9c                chm_return_home_channel
                0x40222ccc                chm_set_current_channel
                0x40222cfc                chm_freq2index
                0x40222d24                chm_check_same_channel
 *fill*         0x40222d52        0x2 
 .irom0.text    0x40222d54     0x1791 c:/Espressif/ESP8266_SDK/lib\libnet80211.a(wl_cnx.o)
                               0x1cfd (size before relaxing)
                0x40222d60                cnx_attach
                0x40222da0                cnx_sta_connect_led_timer_cb
                0x40222df4                cnx_sta_connect_cmd
                0x40222eb0                cnx_sta_scan_cmd
                0x4022310c                cnx_connect_timeout
                0x40223188                cnx_auth_timeout
                0x402231ac                cnx_assoc_timeout
                0x402231d0                cnx_handshake_timeout
                0x40223210                cnx_start_handoff_cb
                0x40223670                cnx_bss_alloc
                0x40223710                cnx_rc_search
                0x40223790                cnx_add_rc
                0x402237fc                cnx_remove_all_rc
                0x40223848                cnx_remove_rc
                0x40223918                cnx_rc_update_rssi
                0x402239a0                cnx_rc_update_state_metric
                0x40223a0c                cnx_rc_update_age
                0x40223a30                cnx_update_bss
                0x40223a64                cnx_update_bss_more
                0x40223c40                cnx_sta_leave
                0x40223ed4                cnx_sta_associated
                0x40223fdc                cnx_node_alloc
                0x40224050                cnx_node_remove
                0x402240dc                cnx_node_search
                0x40224158                cnx_node_leave
                0x40224258                wifi_softap_staconnected_event_policy
                0x40224280                wifi_softap_toomany_deny
                0x402242b8                cnx_node_join
 *fill*         0x402244e5        0x3 
 .irom0.text    0x402244e8      0x16f c:/Espressif/ESP8266_SDK/lib\libnet80211.a(ieee80211_action.o)
                                0x193 (size before relaxing)
                0x402244f8                ieee80211_send_action_register
                0x4022452c                ieee80211_send_action_unregister
                0x40224540                ieee80211_send_action
                0x402245ac                ieee80211_recv_action_register
                0x402245e0                ieee80211_recv_action_unregister
                0x402245f4                ieee80211_recv_action
 *fill*         0x40224657        0x1 
 .irom0.text    0x40224658      0x479 c:/Espressif/ESP8266_SDK/lib\libnet80211.a(ieee80211_action_vendor.o)
                                0x505 (size before relaxing)
                0x4022465c                get_iav_key
                0x4022467c                register_ieee80211_action_vendor_get_key_cb
                0x40224690                unregister_ieee80211_action_vendor_get_key_cb
                0x402246a4                ieee80211_add_action_vendor_spec_esp
                0x402246ec                ieee80211_alloc_action_vendor_spec
                0x402247d8                ieee80211_send_action_vendor_spec
                0x4022496c                ieee80211_recv_action_vendor_spec
                0x40224a74                ieee80211_action_vendor_spec_attach
                0x40224ab4                register_ieee80211_action_vendor_spec_cb
                0x40224ac8                unregister_ieee80211_action_vendor_spec_cb
 *fill*         0x40224ad1        0x3 
 .irom0.text    0x40224ad4      0x15d c:/Espressif/ESP8266_SDK/lib\libnet80211.a(ieee80211_crypto_ccmp.o)
                                0x165 (size before relaxing)
 *fill*         0x40224c31        0x3 
 .irom0.text    0x40224c34      0x23d c:/Espressif/ESP8266_SDK/lib\libnet80211.a(ieee80211_ie_vendor.o)
                                0x25d (size before relaxing)
                0x40224c38                ieee80211_add_ie_vendor_esp_head
                0x40224c70                ieee80211_add_ie_vendor_esp_mesh_assoc
                0x40224cf4                ieee80211_add_ie_vendor_esp_mesh_group
                0x40224d24                ieee80211_add_ie_vendor_esp_simple_pair
                0x40224d74                ieee80211_add_ie_vendor_esp_freq_annon
                0x40224dac                ieee80211_add_ie_vendor_esp_now
                0x40224de4                ieee80211_add_ie_vendor_esp_ssid
                0x40224e24                ieee80211_add_ie_vendor_esp_manufacturer
 *fill*         0x40224e71        0x3 
 .irom0.text    0x40224e74     0x13b2 c:/Espressif/ESP8266_SDK/lib\liblwip.a(dhcp.o)
                               0x159e (size before relaxing)
                0x402250f0                dhcp_coarse_tmr
                0x4022513c                dhcp_fine_tmr
                0x40225394                dhcp_set_struct
                0x402253bc                dhcp_cleanup
                0x402253e8                dhcp_start
                0x402254a0                dhcp_inform
                0x4022554c                dhcp_network_changed
                0x40225594                dhcp_arp_reply
                0x40225890                dhcp_renew
                0x40225b04                dhcp_release
                0x40225bc4                dhcp_stop
 *fill*         0x40226226        0x2 
 .irom0.text    0x40226228      0xcd7 c:/Espressif/ESP8266_SDK/lib\liblwip.a(dhcpserver.o)
                                0xebf (size before relaxing)
                0x40226228                node_insert_to_list
                0x40226260                node_remove_from_list
                0x40226b88                dhcps_start
                0x40226bf0                dhcps_stop
                0x40226c5c                wifi_softap_set_dhcps_lease
                0x40226d48                wifi_softap_get_dhcps_lease
                0x40226de0                dhcps_coarse_tmr
                0x40226e58                wifi_softap_set_dhcps_offer_option
                0x40226e9c                wifi_softap_set_dhcps_lease_time
                0x40226ecc                wifi_softap_reset_dhcps_lease_time
                0x40226ef8                wifi_softap_get_dhcps_lease_time
 *fill*         0x40226eff        0x1 
 .irom0.text    0x40226f00      0x5c3 c:/Espressif/ESP8266_SDK/lib\liblwip.a(dns.o)
                                0x677 (size before relaxing)
                0x40226f0c                dns_init
                0x40226f4c                dns_setserver
                0x40226f6c                dns_getserver
                0x40226f80                dns_tmr
                0x4022746c                dns_gethostbyname
 *fill*         0x402274c3        0x1 
 .irom0.text    0x402274c4      0xfb8 c:/Espressif/ESP8266_SDK/lib\liblwip.a(espconn_tcp.o)
                               0x12bc (size before relaxing)
                0x402275ac                espconn_kill_oldest_pcb
                0x40227630                espconn_kill_pcb
                0x402276ac                espconn_find_current_pcb
                0x402279c0                espconn_tcp_sent
                0x40227a78                espconn_tcp_disconnect
                0x40227b0c                espconn_recv_hold
                0x40227b50                espconn_recv_unhold
                0x40227c5c                espconn_tcp_write
                0x40227e8c                espconn_tcp_client
                0x40228318                espconn_tcp_server
                0x402283d4                espconn_tcp_delete
                0x40228460                espconn_init
 .irom0.text    0x4022847c      0x8cf c:/Espressif/ESP8266_SDK/lib\liblwip.a(etharp.o)
                                0x9b7 (size before relaxing)
                0x402284b0                etharp_tmr
                0x402286dc                etharp_cleanup_netif
                0x40228718                etharp_find_addr
                0x4022896c                etharp_output
                0x40228a80                etharp_query
                0x40228cb0                etharp_request
                0x40228cd4                ethernet_input
 *fill*         0x40228d4b        0x1 
 .irom0.text    0x40228d4c       0x40 c:/Espressif/ESP8266_SDK/lib\liblwip.a(init.o)
                                 0x60 (size before relaxing)
                0x40228d50                lwip_init
 .irom0.text    0x40228d8c      0x37a c:/Espressif/ESP8266_SDK/lib\liblwip.a(ip_addr.o)
                                0x3a2 (size before relaxing)
                0x40228d8c                ip4_addr_isbroadcast
                0x40228db8                ip4_addr_netmask_valid
                0x40228df8                ipaddr_addr
                0x40228e14                ipaddr_aton
                0x40229030                ipaddr_ntoa
                0x40229044                ipaddr_ntoa_r
 *fill*         0x40229106        0x2 
 .irom0.text    0x40229108      0x581 c:/Espressif/ESP8266_SDK/lib\liblwip.a(ip.o)
                                0x62d (size before relaxing)
                0x40229108                ip_route
                0x40229184                ip_router
                0x40229200                ip_input
                0x40229458                ip_output_if
                0x40229474                ip_output_if_opt
                0x40229650                ip_output
 *fill*         0x40229689        0x3 
 .irom0.text    0x4022968c      0x27d c:/Espressif/ESP8266_SDK/lib\liblwip.a(netif.o)
                                0x2bd (size before relaxing)
                0x4022968c                netif_init
                0x40229694                netif_add
                0x402296fc                netif_set_addr
                0x40229724                netif_remove
                0x40229780                netif_find
                0x402297bc                netif_set_ipaddr
                0x40229824                netif_set_gw
                0x40229834                netif_set_netmask
                0x40229844                netif_set_default
                0x4022984c                netif_set_up
                0x40229888                netif_set_down
                0x402298ac                netif_set_link_up
                0x402298f8                netif_set_link_down
 *fill*         0x40229909        0x3 
 .irom0.text    0x4022990c      0x68e c:/Espressif/ESP8266_SDK/lib\liblwip.a(pbuf.o)
                                0x6f6 (size before relaxing)
                0x4022990c                pbuf_free_ooseq_new
                0x40229964                pbuf_alloc
                0x40229ac4                pbuf_realloc
                0x40229b0c                pbuf_header
                0x40229b78                pbuf_free
                0x40229c04                pbuf_clen
                0x40229c1c                pbuf_ref
                0x40229c28                pbuf_cat
                0x40229c54                pbuf_chain
                0x40229c70                pbuf_dechain
                0x40229cac                pbuf_copy
                0x40229d50                pbuf_copy_partial
                0x40229dd0                pbuf_take
                0x40229e30                pbuf_coalesce
                0x40229e64                pbuf_get_at
                0x40229e8c                pbuf_memcmp
                0x40229ef8                pbuf_memfind
                0x40229f50                pbuf_strstr
 *fill*         0x40229f9a        0x2 
 .irom0.text    0x40229f9c      0x1f0 c:/Espressif/ESP8266_SDK/lib\liblwip.a(raw.o)
                                0x248 (size before relaxing)
                0x40229fa4                raw_input
                0x4022a02c                raw_bind
                0x4022a03c                raw_connect
                0x4022a04c                raw_recv
                0x4022a054                raw_sendto
                0x4022a0f0                raw_send
                0x4022a108                raw_remove
                0x4022a144                raw_new
 .irom0.text    0x4022a18c     0x157c c:/Espressif/ESP8266_SDK/lib\liblwip.a(tcp_in.o)
                               0x17bc (size before relaxing)
                0x4022a194                tcp_input
 .irom0.text    0x4022b708      0xae7 c:/Espressif/ESP8266_SDK/lib\liblwip.a(tcp.o)
                                0xc1f (size before relaxing)
                0x4022b70c                tcp_tmr
                0x4022b730                tcp_close
                0x4022b754                tcp_shutdown
                0x4022b7b4                tcp_abandon
                0x4022b85c                tcp_abort
                0x4022b874                tcp_bind
                0x4022b8f0                tcp_listen_with_backlog
                0x4022b9b0                tcp_update_rcv_ann_wnd
                0x4022b9f4                tcp_recved
                0x4022ba50                tcp_connect
                0x4022bb5c                tcp_slowtmr
                0x4022be04                tcp_fasttmr
                0x4022be80                tcp_segs_free
                0x4022be9c                tcp_seg_free
                0x4022bec8                tcp_setprio
                0x4022bed0                tcp_seg_copy
                0x4022bf14                tcp_recv_null
                0x4022bfcc                tcp_alloc
                0x4022c0b0                tcp_new
                0x4022c0c4                tcp_arg
                0x4022c0c8                tcp_recv
                0x4022c0d0                tcp_sent
                0x4022c0d8                tcp_err
                0x4022c0e0                tcp_accept
                0x4022c0e4                tcp_poll
                0x4022c0ec                tcp_pcb_purge
                0x4022c140                tcp_pcb_remove
                0x4022c1a8                tcp_next_iss
                0x4022c1bc                tcp_eff_send_mss
 *fill*         0x4022c1ef        0x1 
 .irom0.text    0x4022c1f0      0xf14 c:/Espressif/ESP8266_SDK/lib\liblwip.a(tcp_out.o)
                               0x1018 (size before relaxing)
                0x4022c2e8                tcp_send_fin
                0x4022c4d0                tcp_write
                0x4022c80c                tcp_enqueue_flags
                0x4022c8f0                tcp_send_empty_ack
                0x4022c984                tcp_output
                0x4022cc88                tcp_rst
                0x4022cdc8                tcp_rexmit_rto
                0x4022ce3c                tcp_rexmit
                0x4022cee8                tcp_rexmit_fast
                0x4022cf40                tcp_keepalive
                0x4022cfc0                tcp_zero_window_probe
 .irom0.text    0x4022d104      0x2c7 c:/Espressif/ESP8266_SDK/lib\liblwip.a(timers.o)
                                0x357 (size before relaxing)
                0x4022d144                tcp_timer_needed
                0x4022d1cc                sys_timeouts_init
                0x4022d234                sys_timeout
                0x4022d2b0                sys_untimeout
                0x4022d300                sys_check_timeouts
                0x4022d3bc                sys_restart_timeouts
 *fill*         0x4022d3cb        0x1 
 .irom0.text    0x4022d3cc      0x56a c:/Espressif/ESP8266_SDK/lib\liblwip.a(udp.o)
                                0x622 (size before relaxing)
                0x4022d3d0                udp_input
                0x4022d620                udp_send
                0x4022d634                udp_sendto
                0x4022d680                udp_sendto_if
                0x4022d7c8                udp_bind
                0x4022d844                udp_connect
                0x4022d8a0                udp_disconnect
                0x4022d8b8                udp_recv
                0x4022d8c4                udp_remove
                0x4022d900                udp_new
 *fill*         0x4022d936        0x2 
 .irom0.text    0x4022d938      0xa6a c:/Espressif/ESP8266_SDK/lib\liblwip.a(espconn.o)
                                0xb6e (size before relaxing)
                0x4022d938                espconn_copy_partial
                0x4022d9c8                espconn_list_creat
                0x4022d9e8                espconn_list_delete
                0x4022da10                espconn_pbuf_create
                0x4022da2c                espconn_pbuf_delete
                0x4022da50                espconn_find_connection
                0x4022db0c                espconn_connect
                0x4022dbf0                espconn_create
                0x4022dc38                espconn_send
                0x4022dc38                espconn_sent
                0x4022dcfc                espconn_sendto
                0x4022dd44                espconn_tcp_get_wnd
                0x4022dd68                espconn_tcp_set_wnd
                0x4022dd84                espconn_tcp_get_mss
                0x4022dd8c                espconn_tcp_get_max_con
                0x4022dd9c                espconn_tcp_set_max_con
                0x4022ddb4                espconn_tcp_get_max_retran
                0x4022ddc4                espconn_tcp_set_max_retran
                0x4022dddc                espconn_tcp_get_max_syn
                0x4022ddec                espconn_tcp_set_max_syn
                0x4022de04                espconn_tcp_get_max_con_allow
                0x4022de2c                espconn_tcp_set_max_con_allow
                0x4022de5c                espconn_tcp_set_buf_count
                0x4022dea0                espconn_regist_sentcb
                0x4022deac                espconn_regist_write_finish
                0x4022dec4                espconn_regist_connectcb
                0x4022ded4                espconn_regist_recvcb
                0x4022dee0                espconn_regist_reconcb
                0x4022def0                espconn_regist_disconcb
                0x4022df04                espconn_get_connection_info
                0x4022dfcc                espconn_accept
                0x4022e010                espconn_regist_time
                0x4022e050                espconn_disconnect
                0x4022e090                espconn_abort
                0x4022e0d0                espconn_get_packet_info
                0x4022e160                espconn_set_opt
                0x4022e1b8                espconn_clear_opt
                0x4022e218                espconn_set_keepalive
                0x4022e284                espconn_get_keepalive
                0x4022e2f4                espconn_delete
                0x4022e33c                espconn_port
                0x4022e374                espconn_gethostbyname
                0x4022e390                espconn_dns_setserver
 *fill*         0x4022e3a2        0x2 
 .irom0.text    0x4022e3a4      0x4df c:/Espressif/ESP8266_SDK/lib\liblwip.a(espconn_udp.o)
                                0x637 (size before relaxing)
                0x4022e3f0                espconn_udp_sent
                0x4022e554                espconn_udp_sendto
                0x4022e7a8                espconn_udp_disconnect
                0x4022e7e4                espconn_udp_server
                0x4022e84c                espconn_igmp_leave
                0x4022e868                espconn_igmp_join
 *fill*         0x4022e883        0x1 
 .irom0.text    0x4022e884      0x26e c:/Espressif/ESP8266_SDK/lib\liblwip.a(icmp.o)
                                0x312 (size before relaxing)
                0x4022e888                icmp_input
                0x4022ea34                icmp_dest_unreach
 *fill*         0x4022eaf2        0x2 
 .irom0.text    0x4022eaf4      0x5e6 c:/Espressif/ESP8266_SDK/lib\liblwip.a(igmp.o)
                                0x67a (size before relaxing)
                0x4022eb00                igmp_init
                0x4022eb10                igmp_start
                0x4022eb54                igmp_stop
                0x4022ebb8                igmp_report_groups
                0x4022ebe8                igmp_lookfor_group
                0x4022ecb0                igmp_input
                0x4022edf8                igmp_joingroup
                0x4022eea0                igmp_leavegroup
                0x4022ef44                igmp_tmr
 *fill*         0x4022f0da        0x2 
 .irom0.text    0x4022f0dc      0x2aa c:/Espressif/ESP8266_SDK/lib\libwpa.a(ap_config.o)
                                0x2ee (size before relaxing)
                0x4022f0e0                hostapd_config_defaults_bss
                0x4022f12c                hostapd_config_defaults
                0x4022f1b0                hostapd_mac_comp
                0x4022f1c4                hostapd_mac_comp_empty
                0x4022f230                hostapd_setup_wpa_psk
                0x4022f260                hostapd_wep_key_cmp
                0x4022f2b0                hostapd_maclist_found
                0x4022f318                hostapd_rate_found
                0x4022f334                hostapd_get_psk
 *fill*         0x4022f386        0x2 
 .irom0.text    0x4022f388      0x2b6 c:/Espressif/ESP8266_SDK/lib\libwpa.a(common.o)
                                0x302 (size before relaxing)
                0x4022f388                inc_byte_array
                0x4022f3dc                hex2byte
                0x4022f410                hexstr2bin
                0x4022f45c                wpa_get_ntp_timestamp
                0x4022f4f4                wpa_config_parse_string
                0x4022f5f8                dup_binstr
 *fill*         0x4022f63e        0x2 
 .irom0.text    0x4022f640       0xcc c:/Espressif/ESP8266_SDK/lib\libwpa.a(os_xtensa.o)
                                 0xdc (size before relaxing)
                0x4022f644                ets_strdup
                0x4022f688                os_get_time
                0x4022f68c                r_rand
                0x4022f6a0                os_random
                0x4022f6b0                os_get_random
 .irom0.text    0x4022f70c     0x1c86 c:/Espressif/ESP8266_SDK/lib\libwpa.a(wpa_auth.o)
                               0x1f66 (size before relaxing)
                0x4022f858                wpa_auth_for_each_sta
                0x4022f9d8                wpa_init
                0x4022fa68                wpa_auth_sta_init
                0x4022fab0                wpa_auth_sta_associated
                0x4022fb1c                wpa_auth_sta_no_wpa
                0x4022fb78                wpa_auth_sta_deinit
                0x4022fc48                wpa_receive
                0x402300ac                __wpa_send_eapol
                0x402305d0                wpa_remove_ptk
                0x4023061c                wpa_auth_sm_event
 *fill*         0x40231392        0x2 
 .irom0.text    0x40231394      0x582 c:/Espressif/ESP8266_SDK/lib\libwpa.a(wpa_auth_ie.o)
                                0x5f6 (size before relaxing)
                0x40231458                wpa_write_rsn_ie
                0x40231564                wpa_auth_gen_wpa_ie
                0x402315f4                wpa_add_kde
                0x40231660                wpa_validate_wpa_ie
                0x4023186c                wpa_parse_kde_ies
                0x40231908                wpa_auth_uses_mfp
 *fill*         0x40231916        0x2 
 .irom0.text    0x40231918     0x14d0 c:/Espressif/ESP8266_SDK/lib\libwpa.a(wpa.o)
                               0x1708 (size before relaxing)
                0x402328a4                wpa_sm_rx_eapol
                0x40232a1c                wpa_register
                0x40232a48                wpa_set_profile
                0x40232a60                wpa_set_pmk
                0x40232a8c                wpa_set_bss