Archive member included because of file (symbol)

c:/Espressif/ESP8266_SDK/lib\libmain.a(debug-vector.o)
                              (_DebugExceptionVector)
c:/Espressif/ESP8266_SDK/lib\libmain.a(double-vector.o)
                              (_DoubleExceptionVector)
c:/Espressif/ESP8266_SDK/lib\libmain.a(kernel-vector.o)
                              (_KernelExceptionVector)
c:/Espressif/ESP8266_SDK/lib\libmain.a(nmi-vector.o)
                              (_NMIExceptionVector)
c:/Espressif/ESP8266_SDK/lib\libmain.a(user-vector.o)
                              (_UserExceptionVector)
c:/Espressif/ESP8266_SDK/lib\libmain.a(vector.o)
                              (call_user_start)
c:/Espressif/ESP8266_SDK/lib\libmain.a(app_main.o)
                              c:/Espressif/ESP8266_SDK/lib\libmain.a(nmi-vector.o) (NMI_Handler)
c:/Espressif/ESP8266_SDK/lib\libmain.a(ets_timer.o)
                              c:/Espressif/ESP8266_SDK/lib\libmain.a(app_main.o) (ets_timer_setfn)
c:/Espressif/ESP8266_SDK/lib\libmain.a(mem_manager.o)
                              c:/Espressif/ESP8266_SDK/lib\libmain.a(app_main.o) (pvPortMalloc)
c:/Espressif/ESP8266_SDK/lib\libmain.a(spi_flash.o)
                              c:/Espressif/ESP8266_SDK/lib\libmain.a(app_main.o) (spi_flash_read)
c:/Espressif/ESP8266_SDK/lib\libmain.a(user_interface.o)
                              c:/Espressif/ESP8266_SDK/lib\libmain.a(app_main.o) (done_cb)
c:/Espressif/ESP8266_SDK/lib\libmain.a(eagle_lib.o)
                              c:/Espressif/ESP8266_SDK/lib\libmain.a(user_interface.o) (ets_sprintf)
c:/Espressif/ESP8266_SDK/lib\libmain.a(eagle_lwip_if.o)
                              c:/Espressif/ESP8266_SDK/lib\libmain.a(user_interface.o) (hostname)
c:/tools/sming/Sming/compiler/lib/\libsming.a(user_main.o)
                              c:/Espressif/ESP8266_SDK/lib\libmain.a(app_main.o) (user_init)
c:/tools/sming/Sming/compiler/lib/\libsming.a(System.o)
                              c:/tools/sming/Sming/compiler/lib/\libsming.a(user_main.o) (SystemClass::initialize())
c:/tools/sming/Sming/compiler/lib/\libsming.a(esp_cplusplus.o)
                              c:/tools/sming/Sming/compiler/lib/\libsming.a(user_main.o) (cpp_core_initialize)
c:/tools/sming/Sming/compiler/lib/\libsming.a(m_printf.o)
                              c:/tools/sming/Sming/compiler/lib/\libsming.a(esp_cplusplus.o) (m_printf)
c:/tools/sming/Sming/compiler/lib/\libsming.a(stringconversion.o)
                              c:/tools/sming/Sming/compiler/lib/\libsming.a(m_printf.o) (ltoa_w)
c:/tools/sming/Sming/compiler/lib/\libsming.a(IPAddress.o)
                              c:/tools/sming/Sming/compiler/lib/\libsming.a(user_main.o) (IPAddress::IPAddress(unsigned char, unsigned char, unsigned char, unsigned char))
c:/tools/sming/Sming/compiler/lib/\libsming.a(Print.o)
                              c:/tools/sming/Sming/compiler/lib/\libsming.a(IPAddress.o) (Print::print(char))
c:/tools/sming/Sming/compiler/lib/\libsming.a(WString.o)
                              c:/tools/sming/Sming/compiler/lib/\libsming.a(IPAddress.o) (String::~String())
c:/tools/sming/Sming/compiler/lib/\libsming.a(Interrupts.o)
                              c:/tools/sming/Sming/compiler/lib/\libsming.a(System.o) (noInterrupts())
c:/tools/sming/Sming/compiler/lib/\libsming.a(Digital.o)
                              c:/tools/sming/Sming/compiler/lib/\libsming.a(Interrupts.o) (pinMode(unsigned short, unsigned char))
out/build/app_app.a(application.o)
                              c:/tools/sming/Sming/compiler/lib/\libsming.a(user_main.o) (init())
c:/tools/sming/Sming/compiler/lib/\libmicroc.a(isspace.o)
                              c:/tools/sming/Sming/compiler/lib/\libsming.a(WString.o) (isspace)
c:/tools/sming/Sming/compiler/lib/\libmicroc.a(tolower.o)
                              c:/tools/sming/Sming/compiler/lib/\libsming.a(WString.o) (tolower)
c:/tools/sming/Sming/compiler/lib/\libmicroc.a(toupper.o)
                              c:/tools/sming/Sming/compiler/lib/\libsming.a(WString.o) (toupper)
c:/tools/sming/Sming/compiler/lib/\libmicroc.a(atof.o)
                              c:/tools/sming/Sming/compiler/lib/\libsming.a(WString.o) (atof)
c:/tools/sming/Sming/compiler/lib/\libmicroc.a(atoi.o)
                              c:/tools/sming/Sming/compiler/lib/\libsming.a(WString.o) (atoi)
c:/tools/sming/Sming/compiler/lib/\libmicroc.a(strtod.o)
                              c:/tools/sming/Sming/compiler/lib/\libmicroc.a(atof.o) (strtod)
c:/tools/sming/Sming/compiler/lib/\libmicroc.a(__fpclassify.o)
                              c:/tools/sming/Sming/compiler/lib/\libsming.a(stringconversion.o) (__fpclassifyd)
c:/tools/sming/Sming/compiler/lib/\libmicroc.a(__fpclassifyf.o)
                              out/build/app_app.a(application.o) (__fpclassifyf)
c:/tools/sming/Sming/compiler/lib/\libmicroc.a(strchr.o)
[...]
Memory Configuration

Name             Origin             Length             Attributes
dport0_0_seg     0x3ff00000         0x00000010
dram0_0_seg      0x3ffe8000         0x00014000
iram1_0_seg      0x40100000         0x00008000
irom0_0_seg      0x40209000         0x00042000
*default*        0x00000000         0xffffffff

Linker script and memory map

START GROUP
LOAD c:/tools/sming/Sming/compiler/lib/\libmicroc.a
LOAD c:/tools/sming/Sming/compiler/lib/\libmicrogcc.a
LOAD c:/espressif/xtensa-lx106-elf/bin/../lib/gcc/xtensa-lx106-elf/5.1.0/../../../../xtensa-lx106-elf/lib\libhal.a
LOAD c:/Espressif/ESP8266_SDK/lib\libphy.a
LOAD c:/Espressif/ESP8266_SDK/lib\libpp.a
LOAD c:/Espressif/ESP8266_SDK/lib\libnet80211.a
LOAD c:/Espressif/ESP8266_SDK/lib\liblwip.a
LOAD c:/Espressif/ESP8266_SDK/lib\libwpa.a
LOAD c:/Espressif/ESP8266_SDK/lib\libmain.a
LOAD c:/tools/sming/Sming/compiler/lib/\libsming.a
LOAD c:/Espressif/ESP8266_SDK/lib\libcrypto.a
LOAD c:/Espressif/ESP8266_SDK/lib\libpwm.a
LOAD c:/Espressif/ESP8266_SDK/lib\libsmartconfig.a
LOAD out/build/app_app.a
END GROUP
                0x40000000                PROVIDE (_memmap_vecbase_reset, 0x40000000)
                0x00000110                _memmap_cacheattr_wb_base = 0x110
                0x00000110                _memmap_cacheattr_wt_base = 0x110
                0x00000220                _memmap_cacheattr_bp_base = 0x220
                0xfffff00f                _memmap_cacheattr_unused_mask = 0xfffff00f
                0x2222211f                _memmap_cacheattr_wb_trapnull = 0x2222211f
                0x2222211f                _memmap_cacheattr_wba_trapnull = 0x2222211f
                0x2222211f                _memmap_cacheattr_wbna_trapnull = 0x2222211f
                0x2222211f                _memmap_cacheattr_wt_trapnull = 0x2222211f
                0x2222222f                _memmap_cacheattr_bp_trapnull = 0x2222222f
                0xfffff11f                _memmap_cacheattr_wb_strict = 0xfffff11f
                0xfffff11f                _memmap_cacheattr_wt_strict = 0xfffff11f
                0xfffff22f                _memmap_cacheattr_bp_strict = 0xfffff22f
                0x22222112                _memmap_cacheattr_wb_allvalid = 0x22222112
                0x22222112                _memmap_cacheattr_wt_allvalid = 0x22222112
                0x22222222                _memmap_cacheattr_bp_allvalid = 0x22222222
                0x2222211f                PROVIDE (_memmap_cacheattr_reset, _memmap_cacheattr_wb_trapnull)

.dport0.rodata  0x3ff00000        0x0
                0x3ff00000                _dport0_rodata_start = ABSOLUTE (.)
 *(.dport0.rodata)
 *(.dport.rodata)
                0x3ff00000                _dport0_rodata_end = ABSOLUTE (.)

.dport0.literal
                0x3ff00000        0x0
                0x3ff00000                _dport0_literal_start = ABSOLUTE (.)
 *(.dport0.literal)
 *(.dport.literal)
                0x3ff00000                _dport0_literal_end = ABSOLUTE (.)

.dport0.data    0x3ff00000        0x0
                0x3ff00000                _dport0_data_start = ABSOLUTE (.)
 *(.dport0.data)
 *(.dport.data)
                0x3ff00000                _dport0_data_end = ABSOLUTE (.)

.data           0x3ffe8000      0x374
                0x3ffe8000                _data_start = ABSOLUTE (.)
 *(.data)
 .data          0x3ffe8000        0x4 c:/Espressif/ESP8266_SDK/lib\libmain.a(nmi-vector.o)
                0x3ffe8000                _Pri_3_HandlerAddress
 .data          0x3ffe8004        0x1 c:/Espressif/ESP8266_SDK/lib\libmain.a(app_main.o)
 *fill*         0x3ffe8005        0x3 
 .data          0x3ffe8008        0x6 c:/Espressif/ESP8266_SDK/lib\libmain.a(user_interface.o)
                0x3ffe8009                timer2_ms_flag
                0x3ffe800a                dhcps_flag
                0x3ffe800b                dhcpc_flag
                0x3ffe800d                reconnect_internal
 *fill*         0x3ffe800e        0x2 
 .data          0x3ffe8010        0x1 c:/Espressif/ESP8266_SDK/lib\libmain.a(eagle_lwip_if.o)
                0x3ffe8010                default_hostname
 *fill*         0x3ffe8011        0xf 
 .data          0x3ffe8020       0x53 c:/Espressif/ESP8266_SDK/lib\libphy.a(phy_chip_v6.o)
                0x3ffe8022                tx_rf_ana_gain
                0x3ffe8050                rx_gain_swp
                0x3ffe8070                test_rffreq_txcap
 *fill*         0x3ffe8073        0x1 
 .data          0x3ffe8074        0x4 c:/Espressif/ESP8266_SDK/lib\libphy.a(phy_sleep.o)
                0x3ffe8074                chip_version
 .data          0x3ffe8078        0x1 c:/Espressif/ESP8266_SDK/lib\libpp.a(pm.o)
 *fill*         0x3ffe8079        0x3 
 .data          0x3ffe807c        0x1 c:/Espressif/ESP8266_SDK/lib\libpp.a(pm_for_bcn_only_mode.o)
 *fill*         0x3ffe807d        0x3 
 .data          0x3ffe8080       0x1c c:/Espressif/ESP8266_SDK/lib\libpp.a(pp.o)
                0x3ffe8080                soft_wdt_interval
                0x3ffe8084                NoiseTimerInterval
                0x3ffe808c                sleep_start_wait_time
                0x3ffe8094                CanDoFreqCal
                0x3ffe8098                tcb
 *fill*         0x3ffe809c        0x4 
 .data          0x3ffe80a0       0x40 c:/Espressif/ESP8266_SDK/lib\libpp.a(rate_control.o)
 .data          0x3ffe80e0      0x24c c:/Espressif/ESP8266_SDK/lib\libpp.a(trc.o)
 .data          0x3ffe832c        0x8 c:/Espressif/ESP8266_SDK/lib\libpp.a(wdev.o)
 .data          0x3ffe8334        0x1 c:/Espressif/ESP8266_SDK/lib\libnet80211.a(ieee80211_hostap.o)
                0x3ffe8334                TmpSTAAPCloseAP
 *fill*         0x3ffe8335        0x3 
 .data          0x3ffe8338        0x1 c:/Espressif/ESP8266_SDK/lib\libnet80211.a(wl_cnx.o)
 *fill*         0x3ffe8339        0x7 
 .data          0x3ffe8340       0x1c c:/Espressif/ESP8266_SDK/lib\libnet80211.a(ieee80211_action.o)
 .data          0x3ffe835c        0x4 c:/Espressif/ESP8266_SDK/lib\liblwip.a(dhcp.o)
 .data          0x3ffe8360        0x5 c:/Espressif/ESP8266_SDK/lib\liblwip.a(dhcpserver.o)
                0x3ffe8360                dhcps_lease_time
 *fill*         0x3ffe8365        0x3 
 .data          0x3ffe8368        0x8 c:/Espressif/ESP8266_SDK/lib\liblwip.a(tcp.o)
 *(.data.*)
 .data.cbc_printchar
                0x3ffe8370        0x4 c:/tools/sming/Sming/compiler/lib/\libsming.a(m_printf.o)
                0x3ffe8370                cbc_printchar
 *(.gnu.linkonce.d.*)
 *(.data1)
 *(.sdata)
 *(.sdata.*)
 *(.gnu.linkonce.s.*)
 *(.sdata2)
 *(.sdata2.*)
 *(.gnu.linkonce.s2.*)
 *(.jcr)
                0x3ffe8374                _data_end = ABSOLUTE (.)

.rodata         0x3ffe8378      0xa64
                0x3ffe8378                _rodata_start = ABSOLUTE (.)
 *(.sdk.version)
 .sdk.version   0x3ffe8378        0x6 c:/Espressif/ESP8266_SDK/lib\libmain.a(app_main.o)
                0x3ffe8378                SDK_VERSION
 *(.rodata)
 *fill*         0x3ffe837e        0x2 
 .rodata        0x3ffe8380        0x8 c:/Espressif/ESP8266_SDK/lib\libphy.a(phy_chip_v6.o)
 .rodata        0x3ffe8388        0x4 c:/Espressif/ESP8266_SDK/lib\libpp.a(pp.o)
 .rodata        0x3ffe838c        0x8 c:/Espressif/ESP8266_SDK/lib\libnet80211.a(ieee80211_hostap.o)
 .rodata        0x3ffe8394        0x9 c:/Espressif/ESP8266_SDK/lib\libnet80211.a(ieee80211_output.o)
 *fill*         0x3ffe839d        0x3 
 .rodata        0x3ffe83a0        0x6 c:/Espressif/ESP8266_SDK/lib\liblwip.a(etharp.o)
                0x3ffe83a0                ethbroadcast
 *fill*         0x3ffe83a6        0x2 
 .rodata        0x3ffe83a8       0x30 c:/tools/sming/Sming/compiler/lib/\libmicroc.a(pow.o)
 *(.rodata.*)
 .rodata.str1.4
                0x3ffe83d8        0xc c:/Espressif/ESP8266_SDK/lib\libmain.a(app_main.o)
 .rodata.str1.4
                0x3ffe83e4        0x4 c:/Espressif/ESP8266_SDK/lib\libmain.a(ets_timer.o)
                                  0xc (size before relaxing)
 .rodata.str1.4
                0x3ffe83e8       0x1a c:/Espressif/ESP8266_SDK/lib\libmain.a(mem_manager.o)
 *fill*         0x3ffe8402        0x2 
 .rodata._ZL14EspDigitalPins
                0x3ffe8404       0xc0 c:/tools/sming/Sming/compiler/lib/\libsming.a(user_main.o)
 .rodata._ZTV6VectorI8DelegateIFvvEEE
                0x3ffe84c4       0x1c c:/tools/sming/Sming/compiler/lib/\libsming.a(System.o)
                0x3ffe84c4                vtable for Vector<Delegate<void ()> >
 .rodata._ZTV6VectorIP19ISystemReadyHandlerE
                0x3ffe84e0       0x1c c:/tools/sming/Sming/compiler/lib/\libsming.a(System.o)
                0x3ffe84e0                vtable for Vector<ISystemReadyHandler*>
 .rodata.str1.1
                0x3ffe84fc       0x21 c:/tools/sming/Sming/compiler/lib/\libsming.a(stringconversion.o)
 *fill*         0x3ffe851d        0x3 
 .rodata._ZTV9IPAddress
                0x3ffe8520        0xc c:/tools/sming/Sming/compiler/lib/\libsming.a(IPAddress.o)
                0x3ffe8520                vtable for IPAddress
 .rodata.str1.1
                0x3ffe852c        0xa c:/tools/sming/Sming/compiler/lib/\libsming.a(Print.o)
                                  0xe (size before relaxing)
 .rodata.str1.1
                0x00000000        0xa c:/tools/sming/Sming/compiler/lib/\libsming.a(WString.o)
                                  0x1 (size before relaxing)
 .rodata.str1.1
                0x3ffe8536       0x23 c:/tools/sming/Sming/compiler/lib/\libsming.a(Digital.o)
 *fill*         0x3ffe8559        0x3 
 .rodata._ZL14EspDigitalPins
                0x3ffe855c       0xc0 c:/tools/sming/Sming/compiler/lib/\libsming.a(Digital.o)
 .rodata.str1.1
                0x3ffe861c      0x167 out/build/app_app.a(application.o)
                                0x16b (size before relaxing)
 *fill*         0x3ffe8783        0x1 
 .rodata._Z14displayComfortv
                0x3ffe8784       0x2c out/build/app_app.a(application.o)
 .rodata.str1.1
                0x3ffe87b0        0xc c:/tools/sming/Sming/compiler/lib/\libmicroc.a(abort.o)
 .rodata.str1.4
                0x3ffe87bc        0x4 c:/Espressif/ESP8266_SDK/lib\libpp.a(lmac.o)
                                  0xc (size before relaxing)
 .rodata.str1.4
                0x3ffe87c0        0x4 c:/Espressif/ESP8266_SDK/lib\libpp.a(pm_for_bcn_only_mode.o)
                                  0xc (size before relaxing)
 .rodata.str1.4
                0x3ffe87c4        0x8 c:/Espressif/ESP8266_SDK/lib\libpp.a(pp.o)
                                 0x10 (size before relaxing)
 .rodata.str1.4
                0x3ffe87cc        0x4 c:/Espressif/ESP8266_SDK/lib\libpp.a(wdev.o)
                                  0xc (size before relaxing)
 .rodata.str1.4
                0x3ffe87d0        0x3 c:/Espressif/ESP8266_SDK/lib\libnet80211.a(ieee80211_hostap.o)
                                  0x8 (size before relaxing)
 *fill*         0x3ffe87d3        0x1 
 .rodata.str1.4
                0x3ffe87d4        0x7 c:/Espressif/ESP8266_SDK/lib\libnet80211.a(ieee80211_mesh_quick.o)
 .rodata.str1.4
                0x00000000        0x4 c:/Espressif/ESP8266_SDK/lib\libnet80211.a(ieee80211_sta.o)
 .rodata.str1.4
                0x00000000        0x4 c:/Espressif/ESP8266_SDK/lib\libnet80211.a(ieee80211_action_vendor.o)
 .rodata.str1.4
                0x00000000        0x4 c:/Espressif/ESP8266_SDK/lib\libnet80211.a(ieee80211_ie_vendor.o)
 .rodata.str1.4
                0x00000000        0x7 c:/Espressif/ESP8266_SDK/lib\liblwip.a(espconn_tcp.o)
                                  0x1 (size before relaxing)
 *fill*         0x3ffe87db        0x1 
 .rodata.str1.4
                0x3ffe87dc       0x10 c:/Espressif/ESP8266_SDK/lib\libwpa.a(wpa_debug.o)
                                  0xd (size before relaxing)
 .rodata.str1.1
                0x00000000        0xc c:/tools/sming/Sming/compiler/lib/\libsming.a(HardwareSerial.o)
                                  0x4 (size before relaxing)
 .rodata._ZTV14HardwareSerial
                0x3ffe87ec       0x20 c:/tools/sming/Sming/compiler/lib/\libsming.a(HardwareSerial.o)
                0x3ffe87ec                vtable for HardwareSerial
 .rodata._ZTV8WDTClass
                0x3ffe880c       0x14 c:/tools/sming/Sming/compiler/lib/\libsming.a(WDT.o)
                0x3ffe880c                vtable for WDTClass
 .rodata.str1.1
                0x3ffe8820       0xf7 c:/tools/sming/Sming/compiler/lib/\libsming.a(CommandExecutor.o)
                                 0xf8 (size before relaxing)
 .rodata.str1.1
                0x3ffe8917      0x3b3 c:/tools/sming/Sming/compiler/lib/\libsming.a(CommandHandler.o)
                                0x3bb (size before relaxing)
 .rodata.str1.1
                0x3ffe8cca       0x80 c:/tools/sming/Sming/compiler/lib/\libsming.a(DHT.o)
 .rodata.str1.1
                0x00000000        0x1 c:/tools/sming/Sming/compiler/lib/\libsming.a(CommandDelegate.o)
 *(.gnu.linkonce.r.*)
 *(.rodata1)
                0x3ffe8d4a                __XT_EXCEPTION_TABLE__ = ABSOLUTE (.)
 *(.xt_except_table)
 *(.gcc_except_table)
 *(.gnu.linkonce.e.*)
 *(.gnu.version_r)
 *(.eh_frame)
                0x3ffe8d4c                . = ((. + 0x3) & 0xfffffffc)
 *fill*         0x3ffe8d4a        0x2 
                0x3ffe8d4c                __dso_handle = ABSOLUTE (.)
                0x3ffe8d4c                __init_array_start = ABSOLUTE (.)
 *crtbegin.o(.ctors)
 *(EXCLUDE_FILE(*crtend.o) .ctors)
 .ctors         0x3ffe8d4c        0x4 c:/tools/sming/Sming/compiler/lib/\libsming.a(user_main.o)
 .ctors         0x3ffe8d50        0x4 c:/tools/sming/Sming/compiler/lib/\libsming.a(System.o)
 .ctors         0x3ffe8d54        0x4 c:/tools/sming/Sming/compiler/lib/\libsming.a(m_printf.o)
 .ctors         0x3ffe8d58        0x4 c:/tools/sming/Sming/compiler/lib/\libsming.a(IPAddress.o)
 .ctors         0x3ffe8d5c        0x4 c:/tools/sming/Sming/compiler/lib/\libsming.a(Print.o)
 .ctors         0x3ffe8d60        0x4 c:/tools/sming/Sming/compiler/lib/\libsming.a(WString.o)
 .ctors         0x3ffe8d64        0x4 c:/tools/sming/Sming/compiler/lib/\libsming.a(Interrupts.o)
 .ctors         0x3ffe8d68        0x4 c:/tools/sming/Sming/compiler/lib/\libsming.a(Digital.o)
 .ctors         0x3ffe8d6c        0x4 out/build/app_app.a(application.o)
 .ctors         0x3ffe8d70        0x4 c:/tools/sming/Sming/compiler/lib/\libsming.a(Clock.o)
 .ctors         0x3ffe8d74        0x4 c:/tools/sming/Sming/compiler/lib/\libsming.a(HardwareSerial.o)
 .ctors         0x3ffe8d78        0x4 c:/tools/sming/Sming/compiler/lib/\libsming.a(WDT.o)
 .ctors         0x3ffe8d7c        0x4 c:/tools/sming/Sming/compiler/lib/\libsming.a(CommandExecutor.o)
 .ctors         0x3ffe8d80        0x4 c:/tools/sming/Sming/compiler/lib/\libsming.a(CommandHandler.o)
 .ctors         0x3ffe8d84        0x4 c:/tools/sming/Sming/compiler/lib/\libsming.a(CommandOutput.o)
 .ctors         0x3ffe8d88        0x4 c:/tools/sming/Sming/compiler/lib/\libsming.a(DHT.o)
 .ctors         0x3ffe8d8c        0x4 c:/tools/sming/Sming/compiler/lib/\libsming.a(SystemClock.o)
 .ctors         0x3ffe8d90        0x4 c:/tools/sming/Sming/compiler/lib/\libsming.a(WebSocket.o)
 .ctors         0x3ffe8d94        0x4 c:/tools/sming/Sming/compiler/lib/\libsming.a(RTC.o)
 .ctors         0x3ffe8d98        0x4 c:/tools/sming/Sming/compiler/lib/\libsming.a(CommandDelegate.o)
 .ctors         0x3ffe8d9c        0x4 c:/tools/sming/Sming/compiler/lib/\libsming.a(DateTime.o)
 .ctors         0x3ffe8da0        0x4 c:/tools/sming/Sming/compiler/lib/\libsming.a(HttpRequest.o)
 .ctors         0x3ffe8da4        0x4 c:/tools/sming/Sming/compiler/lib/\libsming.a(HttpResponse.o)
 .ctors         0x3ffe8da8        0x4 c:/tools/sming/Sming/compiler/lib/\libsming.a(HttpServer.o)
 .ctors         0x3ffe8dac        0x4 c:/tools/sming/Sming/compiler/lib/\libsming.a(HttpServerConnection.o)
 .ctors         0x3ffe8db0        0x4 c:/tools/sming/Sming/compiler/lib/\libsming.a(TcpConnection.o)
 .ctors         0x3ffe8db4        0x4 c:/tools/sming/Sming/compiler/lib/\libsming.a(TcpServer.o)
 .ctors         0x3ffe8db8        0x4 c:/tools/sming/Sming/compiler/lib/\libsming.a(DataSourceStream.o)
 .ctors         0x3ffe8dbc        0x4 c:/tools/sming/Sming/compiler/lib/\libsming.a(TcpClient.o)
 .ctors         0x3ffe8dc0        0x4 c:/tools/sming/Sming/compiler/lib/\libsming.a(ArduinoJson.o)
 *(SORT(.ctors.*))
 *(.ctors)
                0x3ffe8dc4                __init_array_end = ABSOLUTE (.)
 *crtbegin.o(.dtors)
 *(EXCLUDE_FILE(*crtend.o) .dtors)
 .dtors         0x3ffe8dc4        0x4 c:/tools/sming/Sming/compiler/lib/\libsming.a(System.o)
 .dtors         0x3ffe8dc8        0x4 c:/tools/sming/Sming/compiler/lib/\libsming.a(Interrupts.o)
 .dtors         0x3ffe8dcc        0x4 c:/tools/sming/Sming/compiler/lib/\libsming.a(HardwareSerial.o)
 .dtors         0x3ffe8dd0        0x4 c:/tools/sming/Sming/compiler/lib/\libsming.a(CommandHandler.o)
 *(SORT(.dtors.*))
 *(.dtors)
                0x3ffe8dd4                __XT_EXCEPTION_DESCS__ = ABSOLUTE (.)
 *(.xt_except_desc)
 *(.gnu.linkonce.h.*)
                0x3ffe8dd4                __XT_EXCEPTION_DESCS_END__ = ABSOLUTE (.)
 *(.xt_except_desc_end)
 *(.dynamic)
 *(.gnu.version_d)
                0x3ffe8dd4                . = ALIGN (0x4)
                0x3ffe8dd4                _bss_table_start = ABSOLUTE (.)
                0x3ffe8dd4        0x4 LONG 0x3ffe8de0 _bss_start
                0x3ffe8dd8        0x4 LONG 0x3ffef328 _bss_end
                0x3ffe8ddc                _bss_table_end = ABSOLUTE (.)
                0x3ffe8ddc                _rodata_end = ABSOLUTE (.)

.bss            0x3ffe8de0     0x6548
                0x3ffe8de0                . = ALIGN (0x8)
                0x3ffe8de0                _bss_start = ABSOLUTE (.)
 *(.dynsbss)
 *(.sbss)
 *(.sbss.*)
 *(.gnu.linkonce.sb.*)
 *(.scommon)
 *(.sbss2)
 *(.sbss2.*)
 *(.gnu.linkonce.sb2.*)
 *(.dynbss)
 *(.bss)
 .bss           0x3ffe8de0      0x1c0 c:/Espressif/ESP8266_SDK/lib\libmain.a(nmi-vector.o)
 .bss           0x3ffe8fa0       0x41 c:/Espressif/ESP8266_SDK/lib\libmain.a(app_main.o)
                0x3ffe8fa4                info
                0x3ffe8fc8                lwip_timer_interval
                0x3ffe8fcc                check_timeouts_timer
                0x3ffe8fe0                user_init_flag
 *fill*         0x3ffe8fe1        0xf 
 .bss           0x3ffe8ff0       0x30 c:/Espressif/ESP8266_SDK/lib\libmain.a(ets_timer.o)
                0x3ffe8ff0                timer_list
                0x3ffe8ff4                debug_timer
                0x3ffe8ff8                debug_timerfn
 .bss           0x3ffe9020       0x3c c:/Espressif/ESP8266_SDK/lib\libmain.a(mem_manager.o)
 .bss           0x3ffe905c        0x4 c:/Espressif/ESP8266_SDK/lib\libmain.a(spi_flash.o)
                0x3ffe905c                flash_read
 .bss           0x3ffe9060      0x242 c:/Espressif/ESP8266_SDK/lib\libmain.a(user_interface.o)
                0x3ffe9157                deep_sleep_flag
                0x3ffe9158                cpu_overclock
                0x3ffe915c                event_cb
                0x3ffe9160                status_led_output_level
                0x3ffe9164                done_cb
                0x3ffe9168                rst_if
                0x3ffe9184                default_interface
                0x3ffe9185                OpmodChgIsOnGoing
                0x3ffe9188                promiscuous_cb
                0x3ffe91a0                event_TaskQueue
 *fill*         0x3ffe92a2        0x2 
 .bss           0x3ffe92a4        0xc c:/Espressif/ESP8266_SDK/lib\libmain.a(eagle_lwip_if.o)
                0x3ffe92a4                hostname
 .bss           0x3ffe92b0        0x4 c:/Espressif/ESP8266_SDK/lib\libphy.a(phy.o)
 .bss           0x3ffe92b4        0x2 c:/Espressif/ESP8266_SDK/lib\libphy.a(phy_chip_v6_ana.o)
                0x3ffe92b4                tout_dis_txpwr_track
                0x3ffe92b5                sleep_mode_flag
 *fill*         0x3ffe92b6        0x2 
 .bss           0x3ffe92b8      0x160 c:/Espressif/ESP8266_SDK/lib\libphy.a(phy_chip_v6.o)
                0x3ffe92b8                g_phyFuns
                0x3ffe92bc                rxiq_compute_num
                0x3ffe92c0                rx_table_renew_en
                0x3ffe92c4                check_result
                0x3ffe92c8                chip6_sleep_params
                0x3ffe935c                chip6_phy_init_ctrl
                0x3ffe93d0                phy_freq_offset
                0x3ffe93d2                do_pwctrl_flag
                0x3ffe93d3                pwctrl_debug
                0x3ffe93d4                txbk_dpdby_flag
                0x3ffe93d6                sw_scan_mode
                0x3ffe93d7                rxmax_ext_level
                0x3ffe93d8                phy_rx_gain_dc_table
                0x3ffe93ec                periodic_cal_dc_num
                0x3ffe93f0                periodic_cal_flag
                0x3ffe93f1                bbpll_cal_flag
                0x3ffe93f2                phy_in_most_power
                0x3ffe93f3                init_rf_no_cal
                0x3ffe93f4                test_print_time
                0x3ffe93f8                phy_rx_gain_dc_flag
                0x3ffe93f9                phy_in_vdd33_offset
                0x3ffe93fa                phy_set_most_tpw_disbg
                0x3ffe93fb                phy_set_most_tpw_index
                0x3ffe93fc                adc_rand_noise
                0x3ffe9400                dpd_bypass_original
                0x3ffe9408                noise_array
 .bss           0x3ffe9418        0x8 c:/Espressif/ESP8266_SDK/lib\libphy.a(phy_chip_v6_cal.o)
                0x3ffe9418                phy_tx_power_out
                0x3ffe941a                loop_pwctrl_pwdet_error_accum_high_power
                0x3ffe941c                tx_pwctrl_pk_num
                0x3ffe941d                tx_pwctrl_track_num
                0x3ffe941e                loop_pwctrl_correct_atten_high_power
                0x3ffe941f                rxiq_cover_fail_num
 .bss           0x3ffe9420        0x7 c:/Espressif/ESP8266_SDK/lib\libphy.a(phy_sleep.o)
                0x3ffe9420                periodic_cal_sat
                0x3ffe9422                lslp_mem_opt_8266
                0x3ffe9424                software_slp_reject
                0x3ffe9425                SDIO_slp_reject
                0x3ffe9426                hardware_reject
 *fill*         0x3ffe9427        0x9 
 .bss           0x3ffe9430       0x40 c:/Espressif/ESP8266_SDK/lib\libpp.a(if_hwctrl.o)
                0x3ffe9430                interface_mask
                0x3ffe9450                if_ctrl
 .bss           0x3ffe9470      0x150 c:/Espressif/ESP8266_SDK/lib\libpp.a(lmac.o)
                0x3ffe9474                lmacConfMib
 .bss           0x3ffe95c0      0x11a c:/Espressif/ESP8266_SDK/lib\libpp.a(pm.o)
                0x3ffe95c0                pmc
                0x3ffe96a0                flash_tmp
 *fill*         0x3ffe96da        0x2 
 .bss           0x3ffe96dc       0x34 c:/Espressif/ESP8266_SDK/lib\libpp.a(pm_for_bcn_only_mode.o)
 .bss           0x3ffe9710      0x322 c:/Espressif/ESP8266_SDK/lib\libpp.a(pp.o)
                0x3ffe9728                pend_flag_noise_check
                0x3ffe9730                pend_flag_periodic_cal
                0x3ffe9748                idle_timer_reopen_flag
                0x3ffe974a                dbg_stop_sw_wdt
                0x3ffe974b                dbg_stop_hw_wdt
                0x3ffe974d                total_buffed_eb_num
                0x3ffe9750                HighestFreqOffsetInOneChk
                0x3ffe9752                LowestFreqOffsetInOneChk
                0x3ffe9754                DefFreqCalTimer
                0x3ffe9768                PktNumInOneChk
                0x3ffe98f0                buffed_eb_arr
 *fill*         0x3ffe9a32        0xe 
 .bss           0x3ffe9a40      0x100 c:/Espressif/ESP8266_SDK/lib\libpp.a(rate_control.o)
 .bss           0x3ffe9b40      0x46c c:/Espressif/ESP8266_SDK/lib\libpp.a(trc.o)
 *fill*         0x3ffe9fac        0x4 
 .bss           0x3ffe9fb0     0x2f88 c:/Espressif/ESP8266_SDK/lib\libpp.a(wdev.o)
                0x3ffe9fb0                wDevCtrl
                0x3ffea158                WdevTimOffSet
 *fill*         0x3ffecf38        0x8 
 .bss           0x3ffecf40      0xac4 c:/Espressif/ESP8266_SDK/lib\libpp.a(esf_buf.o)
 .bss           0x3ffeda04      0x67c c:/Espressif/ESP8266_SDK/lib\libnet80211.a(ieee80211.o)
                0x3ffeda04                g_ic
 .bss           0x3ffee080       0x56 c:/Espressif/ESP8266_SDK/lib\libnet80211.a(ieee80211_hostap.o)
                0x3ffee080                BcnEb_update
                0x3ffee08d                BcnWithMcastSendStart
                0x3ffee08e                BcnWithMcastSendCnt
                0x3ffee0a8                PendFreeBcnEb
                0x3ffee0ac                ApFreqCalTimer
                0x3ffee0c0                APRecvBcnStartTick
 *fill*         0x3ffee0d6        0x2 
 .bss           0x3ffee0d8       0xc8 c:/Espressif/ESP8266_SDK/lib\libnet80211.a(ieee80211_scan.o)
                0x3ffee0d8                gScanStruct
                0x3ffee184                connect_scan_flag
                0x3ffee185                FreqCalCntForScan
                0x3ffee186                TestStaFreqCalValInput
                0x3ffee188                auth_type
                0x3ffee18a                scannum
 .bss           0x3ffee1a0       0x10 c:/Espressif/ESP8266_SDK/lib\libnet80211.a(ieee80211_sta.o)
 .bss           0x3ffee1b0       0x3c c:/Espressif/ESP8266_SDK/lib\libnet80211.a(wl_chm.o)
 *fill*         0x3ffee1ec        0x4 
 .bss           0x3ffee1f0      0x37a c:/Espressif/ESP8266_SDK/lib\libnet80211.a(wl_cnx.o)
                0x3ffee550                sta_con_timer
                0x3ffee564                g_cnx_probe_rc_list_cb
                0x3ffee568                reconnect_flag
                0x3ffee569                no_ap_found_index
 *fill*         0x3ffee56a        0x2 
 .bss           0x3ffee56c       0x10 c:/Espressif/ESP8266_SDK/lib\libnet80211.a(ieee80211_action_vendor.o)
 *fill*         0x3ffee57c        0x4 
 .bss           0x3ffee580       0x38 c:/Espressif/ESP8266_SDK/lib\liblwip.a(dhcp.o)
                0x3ffee580                dhcp_rx_options_given
                0x3ffee590                dhcp_rx_options_val
 .bss           0x3ffee5b8       0x28 c:/Espressif/ESP8266_SDK/lib\liblwip.a(dhcpserver.o)
 .bss           0x3ffee5e0      0x480 c:/Espressif/ESP8266_SDK/lib\liblwip.a(dns.o)
 .bss           0x3ffeea60       0x78 c:/Espressif/ESP8266_SDK/lib\liblwip.a(espconn_tcp.o)
                0x3ffeea60                espconn_TaskQueue
 *fill*         0x3ffeead8        0x8 
 .bss           0x3ffeeae0      0x100 c:/Espressif/ESP8266_SDK/lib\liblwip.a(etharp.o)
                0x3ffeeae4                ethzero
 .bss           0x3ffeebe0       0x10 c:/Espressif/ESP8266_SDK/lib\liblwip.a(ip_addr.o)
 .bss           0x3ffeebf0       0x12 c:/Espressif/ESP8266_SDK/lib\liblwip.a(ip.o)
                0x3ffeebf0                current_iphdr_dest
                0x3ffeebf4                current_iphdr_src
                0x3ffeebf8                current_netif
                0x3ffeebfc                current_header
 *fill*         0x3ffeec02        0x2 
 .bss           0x3ffeec04        0x9 c:/Espressif/ESP8266_SDK/lib\liblwip.a(netif.o)
                0x3ffeec04                netif_list
                0x3ffeec08                netif_default
 *fill*         0x3ffeec0d        0x3 
 .bss           0x3ffeec10        0x4 c:/Espressif/ESP8266_SDK/lib\liblwip.a(raw.o)
 .bss           0x3ffeec14       0x34 c:/Espressif/ESP8266_SDK/lib\liblwip.a(tcp_in.o)
                0x3ffeec44                tcp_input_pcb
 .bss           0x3ffeec48       0x1c c:/Espressif/ESP8266_SDK/lib\liblwip.a(tcp.o)
                0x3ffeec4c                tcp_active_pcbs
                0x3ffeec50                tcp_tmp_pcb
                0x3ffeec54                tcp_tw_pcbs
                0x3ffeec58                tcp_bound_pcbs
                0x3ffeec5c                tcp_listen_pcbs
                0x3ffeec60                tcp_ticks
 .bss           0x3ffeec64        0xc c:/Espressif/ESP8266_SDK/lib\liblwip.a(timers.o)
 .bss           0x3ffeec70        0x4 c:/Espressif/ESP8266_SDK/lib\liblwip.a(udp.o)
                0x3ffeec70                udp_pcbs
 *fill*         0x3ffeec74        0xc 
 .bss           0x3ffeec80      0x104 c:/Espressif/ESP8266_SDK/lib\liblwip.a(espconn.o)
                0x3ffeec80                plink_active
                0x3ffeec84                pserver_list
                0x3ffeec90                premot
                0x3ffeed50                pktinfo
 .bss           0x3ffeed84        0xc c:/Espressif/ESP8266_SDK/lib\liblwip.a(igmp.o)
 .bss           0x3ffeed90      0x26a c:/Espressif/ESP8266_SDK/lib\libwpa.a(wpa.o)
 *fill*         0x3ffeeffa        0x6 
 .bss           0x3ffef000        0x8 c:/Espressif/ESP8266_SDK/lib\libnet80211.a(ieee80211_crypto_tkip.o)
 *(.bss.*)
 .bss._ZL5ESP01
                0x3ffef008       0x30 c:/tools/sming/Sming/compiler/lib/\libsming.a(user_main.o)
 .bss._ZL11INADDR_NONE
                0x3ffef038        0x8 c:/tools/sming/Sming/compiler/lib/\libsming.a(user_main.o)
 .bss.System    0x3ffef040       0x2c c:/tools/sming/Sming/compiler/lib/\libsming.a(System.o)
                0x3ffef040                System
 .bss._ZL5ESP01
                0x3ffef06c       0x30 c:/tools/sming/Sming/compiler/lib/\libsming.a(m_printf.o)
 .bss._ZL11INADDR_NONE
                0x3ffef09c        0x8 c:/tools/sming/Sming/compiler/lib/\libsming.a(m_printf.o)
 .bss._ZL5ESP01
                0x3ffef0a4       0x30 c:/tools/sming/Sming/compiler/lib/\libsming.a(IPAddress.o)
 .bss._ZL11INADDR_NONE
                0x3ffef0d4        0x8 c:/tools/sming/Sming/compiler/lib/\libsming.a(Print.o)
 .bss._ZZN6StringixEjE19dummy_writable_char
                0x3ffef0dc        0x1 c:/tools/sming/Sming/compiler/lib/\libsming.a(WString.o)
 *fill*         0x3ffef0dd        0x3 
 .bss._ZL11INADDR_NONE
                0x3ffef0e0        0x8 c:/tools/sming/Sming/compiler/lib/\libsming.a(WString.o)
 .bss._delegateFunctionList
                0x3ffef0e8       0x40 c:/tools/sming/Sming/compiler/lib/\libsming.a(Interrupts.o)
                0x3ffef0e8                _delegateFunctionList
 .bss._ZL11INADDR_NONE
                0x3ffef128        0x8 c:/tools/sming/Sming/compiler/lib/\libsming.a(Interrupts.o)
 .bss._ZL11INADDR_NONE
                0x3ffef130        0x8 c:/tools/sming/Sming/compiler/lib/\libsming.a(Digital.o)
 .bss.dht       0x3ffef138       0x40 out/build/app_app.a(application.o)
                0x3ffef138                dht
 .bss._ZL5ESP01
                0x3ffef178       0x30 out/build/app_app.a(application.o)
 .bss._ZL11INADDR_NONE
                0x3ffef1a8        0x8 out/build/app_app.a(application.o)
 .bss._ZL11INADDR_NONE
                0x3ffef1b0        0x8 c:/tools/sming/Sming/compiler/lib/\libsming.a(Clock.o)
 .bss.Serial    0x3ffef1b8       0x18 c:/tools/sming/Sming/compiler/lib/\libsming.a(HardwareSerial.o)
                0x3ffef1b8                Serial
 .bss._ZN14HardwareSerial10memberDataE
                0x3ffef1d0       0x18 c:/tools/sming/Sming/compiler/lib/\libsming.a(HardwareSerial.o)
                0x3ffef1d0                HardwareSerial::memberData
 .bss._ZL11INADDR_NONE
                0x3ffef1e8        0x8 c:/tools/sming/Sming/compiler/lib/\libsming.a(HardwareSerial.o)
 .bss.WDT       0x3ffef1f0        0x8 c:/tools/sming/Sming/compiler/lib/\libsming.a(WDT.o)
                0x3ffef1f0                WDT
 .bss._ZL11INADDR_NONE
                0x3ffef1f8        0x8 c:/tools/sming/Sming/compiler/lib/\libsming.a(CommandExecutor.o)
 .bss.commandHandler
                0x3ffef200       0x1c c:/tools/sming/Sming/compiler/lib/\libsming.a(CommandHandler.o)
                0x3ffef200                commandHandler
 .bss._ZL11INADDR_NONE
                0x3ffef21c        0x8 c:/tools/sming/Sming/compiler/lib/\libsming.a(CommandHandler.o)
 .bss._ZL11INADDR_NONE
                0x3ffef224        0x8 c:/tools/sming/Sming/compiler/lib/\libsming.a(CommandOutput.o)
 .bss._ZL5ESP01
                0x3ffef22c       0x30 c:/tools/sming/Sming/compiler/lib/\libsming.a(DHT.o)
 .bss._ZL11INADDR_NONE
                0x3ffef25c        0x8 c:/tools/sming/Sming/compiler/lib/\libsming.a(DHT.o)
 *fill*         0x3ffef264        0x4 
 .bss.SystemClock
                0x3ffef268       0x18 c:/tools/sming/Sming/compiler/lib/\libsming.a(SystemClock.o)
                0x3ffef268                SystemClock
 .bss._ZL11INADDR_NONE
                0x3ffef280        0x8 c:/tools/sming/Sming/compiler/lib/\libsming.a(SystemClock.o)
 .bss._ZL11INADDR_NONE
                0x3ffef288        0x8 c:/tools/sming/Sming/compiler/lib/\libsming.a(WebSocket.o)
 .bss.RTC       0x3ffef290        0x1 c:/tools/sming/Sming/compiler/lib/\libsming.a(RTC.o)
                0x3ffef290                RTC
 *fill*         0x3ffef291        0x3 
 .bss._ZL11INADDR_NONE
                0x3ffef294        0x8 c:/tools/sming/Sming/compiler/lib/\libsming.a(CommandDelegate.o)
 .bss._ZL5ESP01
                0x3ffef29c       0x30 c:/tools/sming/Sming/compiler/lib/\libsming.a(DateTime.o)
 .bss._ZL11INADDR_NONE
                0x3ffef2cc        0x8 c:/tools/sming/Sming/compiler/lib/\libsming.a(DateTime.o)
 .bss._ZL11INADDR_NONE
                0x3ffef2d4        0x8 c:/tools/sming/Sming/compiler/lib/\libsming.a(HttpRequest.o)
 .bss._ZL11INADDR_NONE
                0x3ffef2dc        0x8 c:/tools/sming/Sming/compiler/lib/\libsming.a(HttpResponse.o)
 .bss._ZL11INADDR_NONE
                0x3ffef2e4        0x8 c:/tools/sming/Sming/compiler/lib/\libsming.a(HttpServer.o)
 .bss._ZL11INADDR_NONE
                0x3ffef2ec        0x8 c:/tools/sming/Sming/compiler/lib/\libsming.a(HttpServerConnection.o)
 .bss._ZL11INADDR_NONE
                0x3ffef2f4        0x8 c:/tools/sming/Sming/compiler/lib/\libsming.a(TcpConnection.o)
 .bss._ZL11INADDR_NONE
                0x3ffef2fc        0x8 c:/tools/sming/Sming/compiler/lib/\libsming.a(TcpServer.o)
 .bss._ZL11INADDR_NONE
                0x3ffef304        0x8 c:/tools/sming/Sming/compiler/lib/\libsming.a(DataSourceStream.o)
 .bss._ZL11INADDR_NONE
                0x3ffef30c        0x8 c:/tools/sming/Sming/compiler/lib/\libsming.a(TcpClient.o)
 .bss._ZN11ArduinoJson10JsonObject8_invalidE
                0x3ffef314        0x8 c:/tools/sming/Sming/compiler/lib/\libsming.a(ArduinoJson.o)
                0x3ffef314                ArduinoJson::JsonObject::_invalid
 .bss._ZN11ArduinoJson9JsonArray8_invalidE
                0x3ffef31c        0x8 c:/tools/sming/Sming/compiler/lib/\libsming.a(ArduinoJson.o)
                0x3ffef31c                ArduinoJson::JsonArray::_invalid
 *(.gnu.linkonce.b.*)
 *(COMMON)
                0x3ffef328                . = ALIGN (0x8)
 *fill*         0x3ffef324        0x4 
                0x3ffef328                _bss_end = ABSOLUTE (.)
                0x3ffef328                _heap_start = ABSOLUTE (.)

.irom0.text     0x40209000    0x322d6
                0x40209000                _irom0_text_start = ABSOLUTE (.)
 *(.irom0.literal .irom.literal .irom.text.literal .irom0.text .irom.text)
 .irom0.text    0x40209000      0xa1d c:/Espressif/ESP8266_SDK/lib\libmain.a(app_main.o)
                                0xc31 (size before relaxing)
                0x402091e8                wdt_init
                0x40209290                user_uart_wait_tx_fifo_empty
                0x40209544                user_rf_pre_init
 *fill*         0x40209a1d        0x3 
 .irom0.text    0x40209a20      0x186 c:/Espressif/ESP8266_SDK/lib\libmain.a(ets_timer.o)
                                0x1b2 (size before relaxing)
                0x40209a28                ets_timer_done
                0x40209a74                ets_timer_handler_isr
                0x40209b44                ets_timer_init
 *fill*         0x40209ba6        0x2 
 .irom0.text    0x40209ba8       0xec c:/Espressif/ESP8266_SDK/lib\libmain.a(mem_manager.o)
                                 0xf8 (size before relaxing)
                0x40209ba8                check_memleak_debug_enable
                0x40209c14                xPortGetFreeHeapSize
                0x40209c1c                vPortInitialiseBlocks
 .irom0.text    0x40209c94     0x3429 c:/Espressif/ESP8266_SDK/lib\libmain.a(user_interface.o)
                               0x3e31 (size before relaxing)
                0x40209c98                system_set_os_print
                0x40209ca8                system_get_os_print
                0x40209e70                system_pp_recycle_rx_pkt
                0x40209e84                system_adc_read
                0x40209e9c                system_get_vdd33
                0x40209eb4                system_restart_hook
                0x40209ecc                system_restart_local
                0x40209fac                system_restart
                0x4020a008                system_restore
                0x4020a070                system_get_flash_size_map
                0x4020a090                system_get_boot_version
                0x4020a0c8                system_get_test_result
                0x4020a0f0                system_get_userbin_addr
                0x4020a188                system_get_boot_mode
                0x4020a1b8                system_restart_enhance
                0x4020a2e8                system_upgrade_userbin_set
                0x4020a334                system_upgrade_userbin_check
                0x4020a374                system_upgrade_flag_set
                0x4020a388                system_upgrade_flag_check
                0x4020a3b0                system_upgrade_reboot
                0x4020a4e4                system_deep_sleep_instant
                0x4020a67c                system_deep_sleep
                0x4020a6dc                system_deep_sleep_set_option
                0x4020a6f8                system_phy_temperature_alert
                0x4020a70c                system_phy_set_max_tpw
                0x4020a720                system_phy_set_tpw_via_vdd33
                0x4020a734                system_phy_set_rfoption
                0x4020a748                system_phy_set_powerup_option
                0x4020a760                system_update_cpu_freq
                0x4020a7bc                system_get_cpu_freq
                0x4020a7d4                system_overclock
                0x4020a800                system_restoreclock
                0x4020a830                system_timer_reinit
                0x4020a848                system_relative_time
                0x4020a86c                system_station_got_ip_set
                0x4020a998                system_print_meminfo
                0x4020a9f8                system_get_free_heap_size
                0x4020aa10                system_get_chip_id
                0x4020aa34                system_rtc_clock_cali_proc
                0x4020aa48                system_get_rtc_time
                0x4020aa5c                system_mktime
                0x4020ab2c                system_init_done_cb
                0x4020ab34                system_get_rst_info
                0x4020ab3c                system_get_data_of_array_8
                0x4020ab60                system_get_data_of_array_16
                0x4020ab88                system_get_string_from_flash
                0x4020abf4                wifi_softap_dhcps_start
                0x4020ac3c                wifi_softap_dhcps_stop
                0x4020ac7c                wifi_softap_dhcps_status
                0x4020ac84                wifi_station_dhcpc_start
                0x4020acdc                wifi_station_dhcpc_stop
                0x4020ad1c                wifi_station_dhcpc_event
                0x4020ad90                wifi_station_dhcpc_set_maxtry
                0x4020ada0                wifi_station_dhcpc_status
                0x4020ae18                wifi_get_opmode
                0x4020ae2c                wifi_get_opmode_default
                0x4020aea8                wifi_get_broadcast_if
                0x4020aee4                wifi_set_broadcast_if
                0x4020b044                wifi_set_opmode
                0x4020b058                wifi_set_opmode_current
                0x4020b06c                system_get_checksum
                0x4020b0ac                wifi_param_save_protect_with_check
                0x4020b140                system_param_save_with_protect
                0x4020b1e8                system_save_sys_param
                0x4020b214                system_param_load
                0x4020b34c                wifi_station_get_config
                0x4020b360                wifi_station_get_config_default
                0x4020b380                wifi_station_get_ap_info
                0x4020b438                wifi_station_ap_number_set
                0x4020b79c                wifi_station_set_config
                0x4020b7b4                wifi_station_set_config_current
                0x4020b7cc                wifi_station_restore_config
                0x4020b7e4                wifi_station_get_current_ap_id
                0x4020b7f8                wifi_station_ap_check
                0x4020b840                wifi_station_ap_change
                0x4020b96c                wifi_station_scan
                0x4020b9b8                wifi_station_get_auto_connect
                0x4020b9cc                wifi_station_set_auto_connect
                0x4020ba1c                wifi_station_save_pmk2cache
                0x4020bad0                wifi_station_connect
                0x4020bb64                wifi_station_disconnect
                0x4020bc24                wifi_station_get_connect_status
                0x4020bc54                wifi_station_set_reconnect_policy
                0x4020bc6c                wifi_station_get_reconnect_policy
                0x4020bc74                wifi_station_get_rssi
                0x4020bcc4                wifi_station_set_default_hostname
                0x4020bd2c                wifi_station_get_hostname
                0x4020bd5c                wifi_station_set_hostname
                0x4020bdfc                wifi_softap_cacl_mac
                0x4020be6c                wifi_softap_set_default_ssid
                0x4020c04c                wifi_softap_get_config
                0x4020c060                wifi_softap_get_config_default
                0x4020c3b4                wifi_softap_set_config
                0x4020c3c8                wifi_softap_set_config_current
                0x4020c3dc                wifi_softap_set_station_info
                0x4020c448                wifi_softap_get_station_info
                0x4020c4f8                wifi_softap_free_station_info
                0x4020c540                wifi_softap_get_station_num
                0x4020c594                wifi_softap_deauth
                0x4020c644                wifi_softap_get_beacon_only_mode
                0x4020c658                wifi_softap_set_beacon_only_mode
                0x4020c6bc                wifi_register_user_ie_manufacturer_recv_cb
                0x4020c6d0                wifi_unregister_user_ie_manufacturer_recv_cb
                0x4020c704                wifi_set_user_ie
                0x4020c814                wifi_get_user_ie
                0x4020c848                wifi_get_phy_mode
                0x4020c850                wifi_set_phy_mode
                0x4020c918                wifi_set_sleep_type
                0x4020c934                wifi_get_sleep_type
                0x4020c94c                wifi_get_channel
                0x4020c964                wifi_set_channel
                0x4020c9a8                wifi_promiscuous_set_mac
                0x4020ca08                wifi_promiscuous_enable
                0x4020caec                wifi_set_promiscuous_rx_cb
                0x4020cafc                wifi_get_ip_info
                0x4020cb7c                wifi_set_ip_info
                0x4020cbf0                wifi_get_macaddr
                0x4020cc50                wifi_set_macaddr
                0x4020cd6c                wifi_enable_6m_rate
                0x4020cd74                wifi_get_user_fixed_rate
                0x4020cd94                wifi_set_user_fixed_rate
                0x4020cdb4                wifi_set_user_sup_rate
                0x4020cdf0                wifi_set_user_rate_limit
                0x4020ce14                wifi_get_user_limit_rate_mask
                0x4020ce1c                wifi_set_user_limit_rate_mask
                0x4020ce34                wifi_register_send_pkt_freedom_cb
                0x4020ce48                wifi_unregister_send_pkt_freedom_cb
                0x4020ce54                wifi_send_pkt_freedom
                0x4020cea0                wifi_rfid_locp_recv_open
                0x4020ceb4                wifi_rfid_locp_recv_close
                0x4020cec8                wifi_register_rfid_locp_recv_cb
                0x4020cedc                wifi_unregister_rfid_locp_recv_cb
                0x4020cef4                wifi_status_led_install
                0x4020cf28                wifi_status_led_uninstall
                0x4020cf4c                wifi_set_status_led_output_level
                0x4020cfa0                wifi_set_event_handler_cb
                0x4020cfe8                system_os_task
                0x4020d024                system_uart_swap
                0x4020d084                system_uart_de_swap
                0x4020d0b8                system_get_sdk_version
 *fill*         0x4020d0bd        0x3 
 .irom0.text    0x4020d0c0      0x610 c:/Espressif/ESP8266_SDK/lib\libmain.a(eagle_lib.o)
                                0x620 (size before relaxing)
                0x4020d0c4                divide
                0x4020d100                skip_atoi
                0x4020d280                ets_vsnprintf
                0x4020d5e0                ets_vsprintf
                0x4020d604                ets_sprintf
                0x4020d62c                ets_strcat
                0x4020d64c                ets_strrchr
                0x4020d678                ets_strchr
                0x4020d690                bit_popcount
                0x4020d6ac                ets_snprintf
 .irom0.text    0x4020d6d0      0x2f6 c:/Espressif/ESP8266_SDK/lib\libmain.a(eagle_lwip_if.o)
                                0x3b2 (size before relaxing)
                0x4020d788                eagle_lwip_if_alloc
                0x4020d938                eagle_lwip_if_free
                0x4020d9a4                eagle_lwip_getif
 *fill*         0x4020d9c6        0x2 
 .irom0.literal
                0x4020d9c8        0x0 c:/tools/sming/Sming/compiler/lib/\libmicroc.a(strchr.o)
                                  0x4 (size before relaxing)
 .irom0.literal
                0x4020d9c8        0xc c:/tools/sming/Sming/compiler/lib/\libmicroc.a(strchrnul.o)
 .irom0.literal
                0x4020d9d4        0x4 c:/tools/sming/Sming/compiler/lib/\libmicroc.a(malloc.o)
                                 0x14 (size before relaxing)
 .irom0.literal
                0x4020d9d8        0x4 c:/tools/sming/Sming/compiler/lib/\libmicroc.a(abort.o)
                                  0x8 (size before relaxing)
 .irom0.literal
                0x4020d9dc        0xc c:/tools/sming/Sming/compiler/lib/\libmicroc.a(scalbn.o)
                                 0x24 (size before relaxing)
 .irom0.literal
                0x4020d9e8       0x80 c:/tools/sming/Sming/compiler/lib/\libmicroc.a(log.o)
                                0x114 (size before relaxing)
 .irom0.literal
                0x4020da68       0x24 c:/tools/sming/Sming/compiler/lib/\libmicroc.a(log10.o)
                                0x158 (size before relaxing)
 .irom0.literal
                0x4020da8c      0x110 c:/tools/sming/Sming/compiler/lib/\libmicroc.a(pow.o)
                                0x348 (size before relaxing)
 .irom0.literal
                0x4020db9c        0x4 c:/tools/sming/Sming/compiler/lib/\libmicroc.a(sqrt.o)
                                 0x2c (size before relaxing)
 .irom0.literal
                0x4020dba0        0x8 c:/tools/sming/Sming/compiler/lib/\libmicrogcc.a(_divsf3.o)
                                 0x10 (size before relaxing)
 .irom0.text    0x4020dba8       0x25 c:/tools/sming/Sming/compiler/lib/\libmicroc.a(strchr.o)
                                 0x29 (size before relaxing)
                0x4020dba8                strchr
 *fill*         0x4020dbcd        0x3 
 .irom0.text    0x4020dbd0       0x75 c:/tools/sming/Sming/compiler/lib/\libmicroc.a(strchrnul.o)
                0x4020dbd0                strchrnul
                0x4020dbd0                __strchrnul
 *fill*         0x4020dc45        0x3 
 .irom0.text    0x4020dc48       0x65 c:/tools/sming/Sming/compiler/lib/\libmicroc.a(malloc.o)
                0x4020dc48                malloc
                0x4020dc5c                free
                0x4020dc70                realloc
                0x4020dc84                zalloc
                0x4020dc98                calloc
 *fill*         0x4020dcad        0x3 
 .irom0.text    0x4020dcb0       0x11 c:/tools/sming/Sming/compiler/lib/\libmicroc.a(abort.o)
                0x4020dcb0                abort
 *fill*         0x4020dcc1        0x3 
 .irom0.text    0x4020dcc4       0x8f c:/tools/sming/Sming/compiler/lib/\libmicroc.a(scalbn.o)
                0x4020dcc4                scalbn
 *fill*         0x4020dd53        0x1 
 .irom0.text    0x4020dd54       0xfa c:/Espressif/ESP8266_SDK/lib\libphy.a(phy.o)
                                0x11e (size before relaxing)
                0x4020dd58                rf_init
                0x4020dd74                bb_init
                0x4020dd8c                phy_init
                0x4020ddbc                RFChannelSel
                0x4020ddd8                phy_delete_channel
                0x4020ddf0                phy_enable_agc
                0x4020de08                phy_disable_agc
                0x4020de20                phy_initialize_bb
                0x4020de38                phy_set_sense
 *fill*         0x4020de4e        0x2 
 .irom0.text    0x4020de50     0x16e7 c:/Espressif/ESP8266_SDK/lib\libphy.a(phy_chip_v6_ana.o)
                               0x18e3 (size before relaxing)
                0x4020de54                ram_pbus_set_rxgain
                0x4020df28                ram_pbus_debugmode
                0x4020dfdc                ram_pbus_xpd_tx_on
                0x4020e048                set_rf_freq_offset
                0x4020e0bc                chip_v6_rxmax_ext_ana
                0x4020e210                ram_chip_v6_rx_init
                0x4020e240                tsen_meas
                0x4020e2f0                readvdd33
                0x4020e4bc                txpwr_offset
                0x4020e578                set_txcap_reg
                0x4020e5f8                ram_ana_inf_gating_en
                0x4020e758                ram_restart_cal
                0x4020e7c4                wait_rfpll_cal_end
                0x4020e850                ram_rfpll_set_freq
                0x4020e95c                ram_set_channel_freq
                0x4020ec5c                chip_60_set_channel
                0x4020edec                chip_v6_set_chan_offset
                0x4020ee28                chip_v6_set_chan
                0x4020eebc                chip_v6_set_chan_wakeup
                0x4020ef40                chip_v6_rf_init
                0x4020f164                low_power_set
                0x4020f1b8                test_tout
                0x4020f330                check_data_flag
                0x4020f350                phy_get_check_flag
                0x4020f484                phy_get_vdd33
 *fill*         0x4020f537        0x1 
 .irom0.text    0x4020f538     0x3c1b c:/Espressif/ESP8266_SDK/lib\libphy.a(phy_chip_v6.o)
                               0x4293 (size before relaxing)
                0x4020f538                ram_tx_mac_enable
                0x4020f53c                ram_tx_mac_disable
                0x4020f540                rtc_mem_backup
                0x4020f570                rtc_mem_recovery
                0x4020f5a0                set_cal_rxdc
                0x4020f654                set_rx_gain_cal_iq
                0x4020f9b0                gen_rx_gain_table
                0x4020fb08                pbus_set_rxbbgain
                0x4020fb88                set_rx_gain_testchip_50
                0x4020febc                ram_get_corr_power
                0x4020ffac                check_data_func
                0x4020ffcc                do_noisefloor_lsleep_v50
                0x40210000                do_noisefloor
                0x40210070                start_dig_rx
                0x402100b4                stop_dig_rx
                0x402100e0                chip_v6_set_chanfreq
                0x4021010c                tx_cap_init
                0x402102c0                target_power_add_backoff
                0x4021030c                tx_pwctrl_init_cal
                0x40210474                tx_atten_set_interp
                0x402106e4                tx_pwctrl_init
                0x402107d8                ram_get_noisefloor
                0x402107f4                get_noisefloor_sat
                0x40210824                ram_set_noise_floor
                0x40210880                ram_start_noisefloor
                0x402108cc                read_hw_noisefloor
                0x402108f8                noise_check_loop
                0x40210a54                noise_init
                0x40210c54                target_power_backoff
                0x40210ca8                sdt_on_noise_start
                0x40210d28                chip_v6_set_chan_rx_cmp
                0x40210eb4                chip_v6_set_chan_misc
                0x40210f3c                phy_dig_spur_set
                0x40211294                phy_dig_spur_prot
                0x402114cc                chip_v6_rxmax_ext_dig
                0x40211518                chip_v6_rxmax_ext
                0x402115c8                phy_bb_rx_cfg
                0x402119d0                uart_wait_idle
                0x40211a08                phy_pbus_soc_cfg
                0x40211ac8                phy_gpio_cfg
                0x40211e10                tx_cont_en
                0x40211eb4                tx_cont_dis
                0x40211f08                tx_cont_cfg
                0x40211f28                chip_v6_initialize_bb
                0x40212090                periodic_cal
                0x40212170                bbpll_cal
                0x40212208                periodic_cal_top
                0x40212268                register_chipv6_phy_init_param
                0x4021250c                change_bbpll160_sleep
                0x40212638                change_bbpll160
                0x40212670                set_crystal_uart
                0x40212708                ant_switch_init
                0x402127b4                reduce_current_init
                0x4021281c                rtc_mem_check
                0x40212858                phy_afterwake_set_rfoption
                0x40212878                deep_sleep_set_option
                0x402128a4                write_data_to_rtc
                0x402128dc                get_data_from_rtc
                0x40212964                register_chipv6_phy
                0x40212d74                set_dpd_bypass
                0x40212d9c                set_rf_gain_stage10
                0x40212dcc                get_vdd33_offset
                0x40212e40                get_phy_target_power
                0x40212ef4                set_most_pwr_reg
                0x40212fc8                phy_set_most_tpw
                0x40212fe8                phy_vdd33_set_tpw
                0x40213000                get_adc_rand
                0x40213034                phy_get_rand
                0x4021304c                phy_tx_pwctrl_cali
                0x40213074                phy_check_data_table
                0x402130b0                phy_after_init_enrx
                0x40213114                phy_set_rx11b_reg
                0x40213148                phy_set_powerup_option
 *fill*         0x40213153        0x1 
 .irom0.text    0x40213154     0x21a8 c:/Espressif/ESP8266_SDK/lib\libphy.a(phy_chip_v6_cal.o)
                               0x23ec (size before relaxing)
                0x40213154                txbbgain2dcoindex
                0x40213174                dcoindex2txbbgain
                0x40213194                init_cal_dcoffset
                0x40213258                set_rfanagain_dc_reg
                0x402132f4                set_txdc_pbus
                0x40213360                get_rf_gain_qdb
                0x40213388                correct_rf_ana_gain
                0x40213490                get_sar_dout
                0x40213528                cal_rf_ana_gain
                0x40213600                meas_tone_pwr_db
                0x40213670                tx_pwr_backoff
                0x402137bc                get_fcc_1m2m_pwr_offset
                0x402137f8                ram_set_txbb_atten
                0x4021388c                txiq_get_mis_pwr
                0x40213930                txiq_cover
                0x40213b4c                ram_rfcal_txiq
                0x40213dbc                rc_cal
                0x40213f7c                get_target_power_offset
                0x40214084                get_pwctrl_correct
                0x402140e0                tx_pwctrl_cal
                0x40214470                tx_pwctrl_bg_init
                0x402144e8                tx_pwctrl_background
                0x402145c0                read_sar_dout
                0x40214624                ram_get_fm_sar_dout
                0x402146c8                ram_cal_tos_v60
                0x402148a8                ram_get_bb_atten
                0x402148d8                ram_rfcal_txcap
                0x40214a9c                ram_rfcal_pwrctrl
                0x40214cb8                ram_rxiq_get_mis
                0x40214e88                ram_rxiq_cover_mg_mp
                0x4021502c                ram_rfcal_rxiq
                0x40215238                dpd_scale_set
                0x40215280                dpd_mem_write
 .irom0.text    0x402152fc      0xd7e c:/Espressif/ESP8266_SDK/lib\libphy.a(phy_sleep.o)
                                0xfaa (size before relaxing)
                0x402152fc                pm_usec2rtc
                0x40215330                pm_rtc2usec
                0x40215340                pm_set_sleep_cycles
                0x40215368                pm_sleep_opt
                0x40215480                pm_wakeup_opt
                0x402154b8                get_chip_version
                0x402154f8                pm_sleep_opt_bb_off
                0x40215538                pm_sleep_opt_bb_on
                0x40215584                pm_set_pll_xtal_wait_time
                0x402155cc                pm_prepare_to_sleep
                0x402155f0                pm_sdio_nidle
                0x40215664                chg_lslp_mem_opt_8266
                0x40215694                pm_goto_sleep
                0x402157e0                pm_wait4wakeup
                0x4021581c                pm_open_rf
                0x4021585c                pm_sleep_set_mac
                0x402158e0                pm_set_wakeup_mac
                0x4021597c                pm_check_mac_idle
                0x402159d4                pm_set_sleep_btco
                0x40215a74                pm_set_wakeup_btco
                0x40215b8c                pm_set_sleep_mode
                0x40215ca8                pm_unmask_bt
                0x40215d10                pm_wakeup_init
                0x40215f20                sleep_opt_8266
                0x40215f40                sleep_opt_bb_on_8266
                0x40215f78                sleep_reset_analog_rtcreg_8266
 *fill*         0x4021607a        0x2 
 .irom0.text    0x4021607c      0x469 c:/Espressif/ESP8266_SDK/lib\libpp.a(if_hwctrl.o)
                                0x581 (size before relaxing)
                0x4021609c                ic_get_addr
                0x402160a8                ic_set_opmode
                0x402160bc                ic_enable_interface
                0x4021610c                ic_interface_enabled
                0x40216120                ic_disable_interface
                0x40216168                ic_is_pure_sta
                0x40216184                ic_get_ptk_alg
                0x40216194                ic_get_gtk_alg
                0x402161a4                ic_set_ptk_alg
                0x402161b4                ic_set_gtk_alg
                0x402161c4                ic_interface_is_p2p
                0x4021625c                ic_set_vif
                0x4021631c                ic_set_sta
                0x402163f4                ic_bss_info_update
                0x40216450                ic_set_key
                0x402164ac                ic_remove_key
                0x402164c0                ic_get_rssi
 *fill*         0x402164e5        0x3 
 .irom0.text    0x402164e8      0x100 c:/Espressif/ESP8266_SDK/lib\libpp.a(lmac.o)
                                0x118 (size before relaxing)
                0x402164ec                lmacInitAc
                0x40216520                lmacInit
                0x402165cc                lmacSetRetryLimit
 .irom0.text    0x402165e8     0x1859 c:/Espressif/ESP8266_SDK/lib\libpp.a(pm.o)
                               0x1d41 (size before relaxing)
                0x402165f0                pm_rtc_clock_cali_proc
                0x40216628                pm_get_ck170_period
                0x4021664c                pm_set_sleep_time
                0x402169b0                pm_rf_is_closed
                0x402169e0                pm_set_sleep_type_from_upper
                0x40216ad0                pm_get_sleep_type
                0x40216c54                uart_tx_flush
                0x40216c58                pm_suspend
                0x40216e78                pm_shutdown
                0x40216f40                pm_reset_idle_sleep
                0x40216f80                pm_idle_sleep
                0x40216f8c                pm_open
                0x40217054                pm_onBcnRx
                0x402173bc                StopLightSleepSetFunc
                0x402173c4                LightSleepWakedCbSetFunc
                0x402178c0                pm_enable_gpio_wakeup
                0x402178f8                pm_attach
                0x402179ec                pm_send_nullfunc
                0x40217b78                pm_is_waked
                0x40217b90                pm_is_open
                0x40217ba8                pm_scan_lock
                0x40217bd0                pm_try_scan_unlock
                0x40217be8                pm_force_scan_unlock
                0x40217c64                pm_scan_unlocked
                0x40217c78                pm_allow_tx
                0x40217c94                pm_assoc_parse
                0x40217cac                pm_set_addr
                0x40217ccc                pm_sleep_for
                0x40217cfc                pm_post
                0x40217e00                pm_get_idle_wait_time
 *fill*         0x40217e41        0x3 
 .irom0.text    0x40217e44      0xa91 c:/Espressif/ESP8266_SDK/lib\libpp.a(pm_for_bcn_only_mode.o)
                                0xe21 (size before relaxing)
                0x40217e58                wifi_fpm_set_sleep_type
                0x40217e58                fpm_set_type_from_upper
                0x40217f14                fpm_get_slp_type
                0x40217f14                wifi_fpm_get_sleep_type
                0x40217f1c                fpm_rf_is_closed
                0x40217f30                fpm_is_open
                0x40217f3c                fpm_allow_tx
                0x40217f60                fpm_close
                0x40217f60                wifi_fpm_close
                0x40217fdc                fpm_open
                0x40217fdc                wifi_fpm_open
                0x40218044                fpm_attach
                0x40218228                fpm_set_wakeup_cb
                0x40218228                wifi_fpm_set_wakeup_cb
                0x40218398                fpm_do_wakeup
                0x40218398                wifi_fpm_do_wakeup
                0x4021885c                fpm_do_sleep
                0x4021885c                wifi_fpm_do_sleep
 *fill*         0x402188d5        0x3 
 .irom0.text    0x402188d8     0x15b6 c:/Espressif/ESP8266_SDK/lib\libpp.a(pp.o)
                               0x1996 (size before relaxing)
                0x402188e4                PPWdtReset
                0x40218918                pp_soft_wdt_init
                0x40218938                system_soft_wdt_feed
                0x40218938                pp_soft_wdt_feed
                0x40218954                system_soft_wdt_stop
                0x40218954                pp_soft_wdt_stop
                0x40218980                system_soft_wdt_restart
                0x40218980                pp_soft_wdt_restart
                0x402189b8                RxNodeNum
                0x402189d0                TxNodeNum
                0x402189f4                pp_disable_noise_timer
                0x40218a14                pp_enable_noise_timer
                0x40218b24                pp_noise_test
                0x40218b34                reset_noise_timer
                0x40218b6c                pp_disable_idle_timer
                0x40218b90                pp_enable_idle_timer
                0x40218bb8                pp_try_enable_idle_timer
                0x40218bf4                ppPeocessRxPktHdr
                0x40218f3c                HdlAllBuffedEb
                0x40218fc4                ppTxPkt
                0x4021912c                ppProcessWaitQ
                0x4021913c                ppRegisterTxCallback
                0x40219164                ppUnregisterTxCallback
                0x40219198                ppRecycleRxPkt
                0x402191f8                ppCheckTxIdle
                0x40219470                pp_tx_idle_timeout
                0x4021962c                DefFreqCalTimerCB
                0x402199ac                ppGetTxQFirstAvail_Locked
                0x40219a8c                pp_attach
 *fill*         0x40219e8e        0x2 
 .irom0.text    0x40219e90      0x296 c:/Espressif/ESP8266_SDK/lib\libpp.a(rate_control.o)
                                0x2a2 (size before relaxing)
                0x4021a0dc                RC_SetBasicRate
 *fill*         0x4021a126        0x2 
 .irom0.text    0x4021a128      0x5e9 c:/Espressif/ESP8266_SDK/lib\libpp.a(trc.o)
                                0x64d (size before relaxing)
                0x4021a128                phytype2mode
                0x4021a144                rc_set_rate_limit_id
                0x4021a260                rcUpdatePhyMode
                0x4021a42c                rcAttach
                0x4021a478                rcGetTrc
                0x4021a480                trc_onDisconnect
                0x4021a484                trc_onScanStart
                0x4021a498                trc_onScanDone
                0x4021a4b4                rc_enable_trc
                0x4021a58c                rc_get_mask
                0x4021a5a0                rc_disable_trc
                0x4021a5f4                rc_disable_trc_by_interface
                0x4021a610                rc_get_sta_trc
                0x4021a654                rc_get_trc
                0x4021a6c4                rc_get_trc_by_index
                0x4021a6e4                rc_only_sta_trc
 *fill*         0x4021a711        0x3 
 .irom0.text    0x4021a714      0xaf7 c:/Espressif/ESP8266_SDK/lib\libpp.a(wdev.o)
                                0xc53 (size before relaxing)
                0x4021a720                wDev_Option_Init
                0x4021a814                wDev_Enable_Beacon_Tsf
                0x4021a830                wDev_Disable_Beacon_Tsf
                0x4021a84c                wDev_Set_Beacon_Int
                0x4021a854                wDev_Reset_TBTT
                0x4021a884                wDev_Get_Next_TBTT
                0x4021ab00                wDev_Initialize
                0x4021ab70                wDevForceAck6M
                0x4021ab8c                wDev_SetMacAddress
                0x4021ac28                wDev_SetRxPolicy
                0x4021ac7c                wDev_SetBssid
                0x4021ad54                wDev_ClearBssid
                0x4021ad8c                wDev_Insert_KeyEntry
                0x4021ae80                wDev_remove_KeyEntry
                0x4021aebc                wDev_remove_KeyEntry_all_cnx
                0x4021af0c                wDev_Crypto_Conf
                0x4021afa8                wDev_Crypto_Disable
                0x4021afe0                wDevEnableRx
                0x4021b008                wdev_go_sniffer
                0x4021b0e4                wdev_set_sniffer_addr
                0x4021b13c                wdev_exit_sniffer
 *fill*         0x4021b20b        0x1 
 .irom0.text    0x4021b20c      0x3e6 c:/Espressif/ESP8266_SDK/lib\libpp.a(esf_buf.o)
                                0x4b2 (size before relaxing)
                0x4021b214                esf_buf_alloc
                0x4021b3f8                esf_buf_recycle
                0x4021b538                esf_buf_setup
 *fill*         0x4021b5f2        0x2 
 .irom0.text    0x4021b5f4      0x475 c:/Espressif/ESP8266_SDK/lib\libnet80211.a(ieee80211.o)
                                0x545 (size before relaxing)
                0x4021b678                ieee80211_rate_ref_init
                0x4021b68c                ieee80211_freedom_inside_cb
                0x4021b6bc                ieee80211_freedom_init
                0x4021b6e0                ieee80211_user_ie_init
                0x4021b6fc                ieee80211_ifattach
                0x4021b760                ieee80211_mhz2ieee
                0x4021b7bc                ieee80211_chan2ieee
                0x4021b7d8                ieee80211_ieee2mhz
                0x4021b818                ieee80211_find_channel
                0x4021b844                ieee80211_find_channel_byieee
                0x4021b894                wifi_mode_set
 *fill*         0x4021ba69        0x3 
 .irom0.text    0x4021ba6c       0xcf c:/Espressif/ESP8266_SDK/lib\libnet80211.a(ieee80211_crypto.o)
                                 0xd7 (size before relaxing)
                0x4021ba6c                ieee80211_crypto_attach
                0x4021ba70                ieee80211_crypto_available
                0x4021ba74                ieee80211_crypto_setkey
                0x4021ba78                ieee80211_crypto_encap
                0x4021bad0                ieee80211_crypto_decap
 *fill*         0x4021bb3b        0x1 
 .irom0.text    0x4021bb3c       0x4c c:/Espressif/ESP8266_SDK/lib\libnet80211.a(ieee80211_ets.o)
                                 0x50 (size before relaxing)
                0x4021bb40                ieee80211_getmgtframe
 .irom0.text    0x4021bb88     0x1a08 c:/Espressif/ESP8266_SDK/lib\libnet80211.a(ieee80211_hostap.o)
                               0x1f77 (size before relaxing)
                0x4021c1ac                ieee80211_hostap_attach
                0x4021c2a8                hostap_handle_timer
                0x4021c340                hostap_input
                0x4021d28c                wifi_softap_start
                0x4021d3f8                wifi_softap_stop
 *fill*         0x4021d590        0x0 
 .irom0.text    0x4021d590      0xa82 c:/Espressif/ESP8266_SDK/lib\libnet80211.a(ieee80211_ht.o)
                                0xb4e (size before relaxing)
                0x4021d5a0                ieee80211_ht_attach
                0x4021d5f4                ieee80211_ht_node_init
                0x4021d634                ieee80211_ht_node_cleanup
                0x4021d66c                ieee80211_parse_htcap
                0x4021d750                ieee80211_ht_updateparams
                0x4021d864                ieee80211_setup_htrates
                0x4021d930                ieee80211_setup_basic_htrates
                0x4021dc7c                ieee80211_add_htcap
                0x4021dc98                ieee80211_add_htcap_vendor
                0x4021ddbc                ieee80211_add_htinfo
                0x4021ddd8                ieee80211_add_htinfo_vendor
 *fill*         0x4021e012        0x2 
 .irom0.text    0x4021e014      0xa8c c:/Espressif/ESP8266_SDK/lib\libnet80211.a(ieee80211_input.o)
                                0xb1c (size before relaxing)
                0x4021e014                ieee80211_deliver_data
                0x4021e068                ieee80211_decap
                0x4021e16c                ieee80211_setup_rates
                0x4021e1dc                ieee80211_alloc_challenge
                0x4021e218                ieee80211_parse_beacon
                0x4021e7ec                ieee80211_parse_wpa
                0x4021e900                ieee80211_parse_rsn
                0x4021ea00                ieee80211_parse_action
                0x4021ea9c                ieee80211_setup_rateset
 .irom0.text    0x4021eaa0      0x2a6 c:/Espressif/ESP8266_SDK/lib\libnet80211.a(ieee80211_mesh_quick.o)
                                0x302 (size before relaxing)
                0x4021eaac                ieee80211_mesh_quick_init
                0x4021eb1c                ieee80211_mesh_quick_deinit
                0x4021eb4c                ieee80211_mesh_quick_set
                0x4021ec48                ieee80211_mesh_quick_get
                0x4021ed14                ieee80211_mesh_quick_ie_add
 *fill*         0x4021ed46        0x2 
 .irom0.text    0x4021ed48     0x1c56 c:/Espressif/ESP8266_SDK/lib\libnet80211.a(ieee80211_output.o)
                               0x1ff2 (size before relaxing)
                0x4021ed4c                ieee80211_output_pbuf
                0x4021efc0                ieee80211_send_setup
                0x4021f0f4                ieee80211_mgmt_output
                0x4021f1d8                ieee80211_tx_mgt_cb
                0x4021f1dc                ieee80211_send_nulldata
                0x4021f64c                ieee80211_add_rates
                0x4021f69c                ieee80211_add_xrates
                0x4021f76c                ieee80211_send_probereq
                0x4021f980                ieee80211_getcapinfo
                0x4021f9dc                ieee80211_send_mgmt
                0x4021ff7c                ieee80211_alloc_proberesp
                0x40220154                ieee80211_send_proberesp
                0x402202a0                ieee80211_alloc_deauth
                0x402202e0                ieee80211_send_deauth
                0x4022041c                ieee80211_freedom_output
                0x40220808                ieee80211_beacon_alloc
 *fill*         0x4022099e        0x2 
 .irom0.text    0x402209a0       0xe0 c:/Espressif/ESP8266_SDK/lib\libnet80211.a(ieee80211_phy.o)
                                0x108 (size before relaxing)
                0x402209a0                ieee80211_phy_init
                0x402209d4                ieee80211_phy_type_get
                0x402209f0                ieee80211_setup_ratetable
 .irom0.text    0x40220a80      0x1b6 c:/Espressif/ESP8266_SDK/lib\libnet80211.a(ieee80211_power.o)
                                0x1f2 (size before relaxing)
                0x40220a80                ieee80211_psq_init
                0x40220aa0                ieee80211_psq_cleanup
                0x40220aa8                ieee80211_set_tim
                0x40220ae8                ieee80211_pwrsave
                0x40220b50                pwrsave_flushq
                0x40220c00                ieee80211_node_pwrsave
 *fill*         0x40220c36        0x2 
 .irom0.text    0x40220c38      0x101 c:/Espressif/ESP8266_SDK/lib\libnet80211.a(ieee80211_proto.o)
                                0x129 (size before relaxing)
                0x40220c3c                ieee80211_proto_attach
                0x40220c64                ieee80211_set_shortslottime
                0x40220c80                ieee80211_iserp_rateset
                0x40220cb4                ieee80211_wme_initparams
                0x40220cb8                ieee80211_wme_updateparams
                0x40220cc0                ieee80211_mlme_connect_bss
 *fill*         0x40220d39        0x3 
 .irom0.text    0x40220d3c       0xaa c:/Espressif/ESP8266_SDK/lib\libnet80211.a(ieee80211_rfid.o)
                                 0xd6 (size before relaxing)
                0x40220d3c                ieee80211_rfid_locp_recv_open
                0x40220d74                ieee80211_rfid_locp_recv_close
                0x40220d8c                ieee80211_rfid_locp_recv_reset
                0x40220dac                ieee80211_rfid_locp_recv
                0x40220dc8                register_ieee80211_rfid_locp_recv_cb
                0x40220ddc                unregister_ieee80211_rfid_locp_recv_cb
 *fill*         0x40220de6        0x2 
 .irom0.text    0x40220de8      0xf50 c:/Espressif/ESP8266_SDK/lib\libnet80211.a(ieee80211_scan.o)
                               0x1284 (size before relaxing)
                0x40220df4                ieee80211_scan_attach
                0x40220e88                scan_start
                0x4022104c                scan_pm_channel_op_cb
                0x402211ec                scan_cancel
                0x40221348                scan_add_bssid
                0x4022136c                scan_remove_bssid
                0x40221378                scan_hidden_ssid
                0x40221380                scan_add_probe_ssid
                0x402213d4                scan_remove_probe_ssid
                0x40221510                scan_clear_channles
                0x40221584                scan_set_desChan
                0x40221590                scan_get_type
                0x40221598                cannel_scan_connect_state
                0x402215b0                scan_connect_state
                0x402215f8                scan_check_hidden
                0x40221624                scan_profile_check
                0x402219cc                scan_parse_beacon
 .irom0.text    0x40221d38     0x104e c:/Espressif/ESP8266_SDK/lib\libnet80211.a(ieee80211_sta.o)
                               0x12dd (size before relaxing)
                0x40221d94                sta_status_set
                0x40221e00                ieee80211_sta_new_state
                0x40222178                sta_input
                0x402226c4                ieee80211_parse_wmeparams
                0x40222cdc                wifi_station_start
                0x40222d4c                wifi_station_stop
 *fill*         0x40222d86        0x2 
 .irom0.text    0x40222d88      0x29e c:/Espressif/ESP8266_SDK/lib\libnet80211.a(wl_chm.o)
                                0x31e (size before relaxing)
                0x40222d94                chm_init
                0x40222df8                chm_acquire_lock
                0x40222e3c                chm_release_lock
                0x40222e50                chm_start_op
                0x40222ef4                chm_end_op
                0x40222f3c                chm_cancel_op
                0x40222f70                chm_return_home_channel
                0x40222fa0                chm_set_current_channel
                0x40222fd0                chm_freq2index
                0x40222ff8                chm_check_same_channel
 *fill*         0x40223026        0x2 
 .irom0.text    0x40223028     0x1791 c:/Espressif/ESP8266_SDK/lib\libnet80211.a(wl_cnx.o)
                               0x1cfd (size before relaxing)
                0x40223034                cnx_attach
                0x40223074                cnx_sta_connect_led_timer_cb
                0x402230c8                cnx_sta_connect_cmd
                0x40223184                cnx_sta_scan_cmd
                0x402233e0                cnx_connect_timeout
                0x4022345c                cnx_auth_timeout
                0x40223480                cnx_assoc_timeout
                0x402234a4                cnx_handshake_timeout
                0x402234e4                cnx_start_handoff_cb
                0x40223944                cnx_bss_alloc
                0x402239e4                cnx_rc_search
                0x40223a64                cnx_add_rc
                0x40223ad0                cnx_remove_all_rc
                0x40223b1c                cnx_remove_rc
                0x40223bec                cnx_rc_update_rssi
                0x40223c74                cnx_rc_update_state_metric
                0x40223ce0                cnx_rc_update_age
                0x40223d04                cnx_update_bss
                0x40223d38                cnx_update_bss_more
                0x40223f14                cnx_sta_leave
                0x402241a8                cnx_sta_associated
                0x402242b0                cnx_node_alloc
                0x40224324                cnx_node_remove
                0x402243b0                cnx_node_search
                0x4022442c                cnx_node_leave
                0x4022452c                wifi_softap_staconnected_event_policy
                0x40224554                wifi_softap_toomany_deny
                0x4022458c                cnx_node_join
 *fill*         0x402247b9        0x3 
 .irom0.text    0x402247bc      0x16f c:/Espressif/ESP8266_SDK/lib\libnet80211.a(ieee80211_action.o)
                                0x193 (size before relaxing)
                0x402247cc                ieee80211_send_action_register
                0x40224800                ieee80211_send_action_unregister
                0x40224814                ieee80211_send_action
                0x40224880                ieee80211_recv_action_register
                0x402248b4                ieee80211_recv_action_unregister
                0x402248c8                ieee80211_recv_action
 *fill*         0x4022492b        0x1 
 .irom0.text    0x4022492c      0x479 c:/Espressif/ESP8266_SDK/lib\libnet80211.a(ieee80211_action_vendor.o)
                                0x505 (size before relaxing)
                0x40224930                get_iav_key
                0x40224950                register_ieee80211_action_vendor_get_key_cb
                0x40224964                unregister_ieee80211_action_vendor_get_key_cb
                0x40224978                ieee80211_add_action_vendor_spec_esp
                0x402249c0                ieee80211_alloc_action_vendor_spec
                0x40224aac                ieee80211_send_action_vendor_spec
                0x40224c40                ieee80211_recv_action_vendor_spec
                0x40224d48                ieee80211_action_vendor_spec_attach
                0x40224d88                register_ieee80211_action_vendor_spec_cb
                0x40224d9c                unregister_ieee80211_action_vendor_spec_cb
 *fill*         0x40224da5        0x3 
 .irom0.text    0x40224da8      0x15d c:/Espressif/ESP8266_SDK/lib\libnet80211.a(ieee80211_crypto_ccmp.o)
                                0x165 (size before relaxing)
 *fill*         0x40224f05        0x3 
 .irom0.text    0x40224f08      0x23d c:/Espressif/ESP8266_SDK/lib\libnet80211.a(ieee80211_ie_vendor.o)
                                0x25d (size before relaxing)
                0x40224f0c                ieee80211_add_ie_vendor_esp_head
                0x40224f44                ieee80211_add_ie_vendor_esp_mesh_assoc
                0x40224fc8                ieee80211_add_ie_vendor_esp_mesh_group
                0x40224ff8                ieee80211_add_ie_vendor_esp_simple_pair
                0x40225048                ieee80211_add_ie_vendor_esp_freq_annon
                0x40225080                ieee80211_add_ie_vendor_esp_now
                0x402250b8                ieee80211_add_ie_vendor_esp_ssid
                0x402250f8                ieee80211_add_ie_vendor_esp_manufacturer
 *fill*         0x40225145        0x3 
 .irom0.text    0x40225148     0x13b2 c:/Espressif/ESP8266_SDK/lib\liblwip.a(dhcp.o)
                               0x159e (size before relaxing)
                0x402253c4                dhcp_coarse_tmr
                0x40225410                dhcp_fine_tmr
                0x40225668                dhcp_set_struct
                0x40225690                dhcp_cleanup
                0x402256bc                dhcp_start
                0x40225774                dhcp_inform
                0x40225820                dhcp_network_changed
                0x40225868                dhcp_arp_reply
                0x40225b64                dhcp_renew
                0x40225dd8                dhcp_release
                0x40225e98                dhcp_stop
 *fill*         0x402264fa        0x2 
 .irom0.text    0x402264fc      0xcd7 c:/Espressif/ESP8266_SDK/lib\liblwip.a(dhcpserver.o)
                                0xebf (size before relaxing)
                0x402264fc                node_insert_to_list
                0x40226534                node_remove_from_list
                0x40226e5c                dhcps_start
                0x40226ec4                dhcps_stop
                0x40226f30                wifi_softap_set_dhcps_lease
                0x4022701c                wifi_softap_get_dhcps_lease
                0x402270b4                dhcps_coarse_tmr
                0x4022712c                wifi_softap_set_dhcps_offer_option
                0x40227170                wifi_softap_set_dhcps_lease_time
                0x402271a0                wifi_softap_reset_dhcps_lease_time
                0x402271cc                wifi_softap_get_dhcps_lease_time
 *fill*         0x402271d3        0x1 
 .irom0.text    0x402271d4      0x5c3 c:/Espressif/ESP8266_SDK/lib\liblwip.a(dns.o)
                                0x677 (size before relaxing)
                0x402271e0                dns_init
                0x40227220                dns_setserver
                0x40227240                dns_getserver
                0x40227254                dns_tmr
                0x40227740                dns_gethostbyname
 *fill*         0x40227797        0x1 
 .irom0.text    0x40227798      0xfb8 c:/Espressif/ESP8266_SDK/lib\liblwip.a(espconn_tcp.o)
                               0x12bc (size before relaxing)
                0x40227880                espconn_kill_oldest_pcb
                0x40227904                espconn_kill_pcb
                0x40227980                espconn_find_current_pcb
                0x40227c94                espconn_tcp_sent
                0x40227d4c                espconn_tcp_disconnect
                0x40227de0                espconn_recv_hold
                0x40227e24                espconn_recv_unhold
                0x40227f30                espconn_tcp_write
                0x40228160                espconn_tcp_client
                0x402285ec                espconn_tcp_server
                0x402286a8                espconn_tcp_delete
                0x40228734                espconn_init
 .irom0.text    0x40228750      0x8cf c:/Espressif/ESP8266_SDK/lib\liblwip.a(etharp.o)
                                0x9b7 (size before relaxing)
                0x40228784                etharp_tmr
                0x402289b0                etharp_cleanup_netif
                0x402289ec                etharp_find_addr
                0x40228c40                etharp_output
                0x40228d54                etharp_query
                0x40228f84                etharp_request
                0x40228fa8                ethernet_input
 *fill*         0x4022901f        0x1 
 .irom0.text    0x40229020       0x40 c:/Espressif/ESP8266_SDK/lib\liblwip.a(init.o)
                                 0x60 (size before relaxing)
                0x40229024                lwip_init
 .irom0.text    0x40229060      0x37a c:/Espressif/ESP8266_SDK/lib\liblwip.a(ip_addr.o)
                                0x3a2 (size before relaxing)
                0x40229060                ip4_addr_isbroadcast
                0x4022908c                ip4_addr_netmask_valid
                0x402290cc                ipaddr_addr
                0x402290e8                ipaddr_aton
                0x40229304                ipaddr_ntoa
                0x40229318                ipaddr_ntoa_r
 *fill*         0x402293da        0x2 
 .irom0.text    0x402293dc      0x581 c:/Espressif/ESP8266_SDK/lib\liblwip.a(ip.o)
                                0x62d (size before relaxing)
                0x402293dc                ip_route
                0x40229458                ip_router
                0x402294d4                ip_input
                0x4022972c                ip_output_if
                0x40229748                ip_output_if_opt
                0x40229924                ip_output
 *fill*         0x4022995d        0x3 
 .irom0.text    0x40229960      0x27d c:/Espressif/ESP8266_SDK/lib\liblwip.a(netif.o)
                                0x2bd (size before relaxing)
                0x40229960                netif_init
                0x40229968                netif_add
                0x402299d0                netif_set_addr
                0x402299f8                netif_remove
                0x40229a54                netif_find
                0x40229a90                netif_set_ipaddr
                0x40229af8                netif_set_gw
                0x40229b08                netif_set_netmask
                0x40229b18                netif_set_default
                0x40229b20                netif_set_up
                0x40229b5c                netif_set_down
                0x40229b80                netif_set_link_up
                0x40229bcc                netif_set_link_down
 *fill*         0x40229bdd        0x3 
 .irom0.text    0x40229be0      0x68e c:/Espressif/ESP8266_SDK/lib\liblwip.a(pbuf.o)
                                0x6f6 (size before relaxing)
                0x40229be0                pbuf_free_ooseq_new
                0x40229c38                pbuf_alloc
                0x40229d98                pbuf_realloc
                0x40229de0                pbuf_header
                0x40229e4c                pbuf_free
                0x40229ed8                pbuf_clen
                0x40229ef0                pbuf_ref
                0x40229efc                pbuf_cat
                0x40229f28                pbuf_chain
                0x40229f44                pbuf_dechain
                0x40229f80                pbuf_copy
                0x4022a024                pbuf_copy_partial
                0x4022a0a4                pbuf_take
                0x4022a104                pbuf_coalesce
                0x4022a138                pbuf_get_at
                0x4022a160                pbuf_memcmp
                0x4022a1cc                pbuf_memfind
                0x4022a224                pbuf_strstr
 *fill*         0x4022a26e        0x2 
 .irom0.text    0x4022a270      0x1f0 c:/Espressif/ESP8266_SDK/lib\liblwip.a(raw.o)
                                0x248 (size before relaxing)
                0x4022a278                raw_input
                0x4022a300                raw_bind
                0x4022a310                raw_connect
                0x4022a320                raw_recv
                0x4022a328                raw_sendto
                0x4022a3c4                raw_send
                0x4022a3dc                raw_remove
                0x4022a418                raw_new
 .irom0.text    0x4022a460     0x157c c:/Espressif/ESP8266_SDK/lib\liblwip.a(tcp_in.o)
                               0x17bc (size before relaxing)
                0x4022a468                tcp_input
 .irom0.text    0x4022b9dc      0xae7 c:/Espressif/ESP8266_SDK/lib\liblwip.a(tcp.o)
                                0xc1f (size before relaxing)
                0x4022b9e0                tcp_tmr
                0x4022ba04                tcp_close
                0x4022ba28                tcp_shutdown
                0x4022ba88                tcp_abandon
                0x4022bb30                tcp_abort
                0x4022bb48                tcp_bind
                0x4022bbc4                tcp_listen_with_backlog
                0x4022bc84                tcp_update_rcv_ann_wnd
                0x4022bcc8                tcp_recved
                0x4022bd24                tcp_connect
                0x4022be30                tcp_slowtmr
                0x4022c0d8                tcp_fasttmr
                0x4022c154                tcp_segs_free
                0x4022c170                tcp_seg_free
                0x4022c19c                tcp_setprio
                0x4022c1a4                tcp_seg_copy
                0x4022c1e8                tcp_recv_null
                0x4022c2a0                tcp_alloc
                0x4022c384                tcp_new
                0x4022c398                tcp_arg
                0x4022c39c                tcp_recv
                0x4022c3a4                tcp_sent
                0x4022c3ac                tcp_err
                0x4022c3b4                tcp_accept
                0x4022c3b8                tcp_poll
                0x4022c3c0                tcp_pcb_purge
                0x4022c414                tcp_pcb_remove
                0x4022c47c                tcp_next_iss
                0x4022c490                tcp_eff_send_mss
 *fill*         0x4022c4c3        0x1 
 .irom0.text    0x4022c4c4      0xf14 c:/Espressif/ESP8266_SDK/lib\liblwip.a(tcp_out.o)